[2025-09-08T23:42:03.279+0000] {processor.py:161} INFO - Started process (PID=36) to work on /opt/airflow/dags/data_pipeline.py
[2025-09-08T23:42:03.289+0000] {processor.py:830} INFO - Processing file /opt/airflow/dags/data_pipeline.py for tasks to queue
[2025-09-08T23:42:03.327+0000] {logging_mixin.py:188} INFO - [2025-09-08T23:42:03.325+0000] {dagbag.py:538} INFO - Filling up the DagBag from /opt/airflow/dags/data_pipeline.py
[2025-09-08T23:42:03.444+0000] {logging_mixin.py:188} INFO - [2025-09-08T23:42:03.429+0000] {dagbag.py:348} ERROR - Failed to import: /opt/airflow/dags/data_pipeline.py
Traceback (most recent call last):
  File "/home/airflow/.local/lib/python3.8/site-packages/airflow/models/dagbag.py", line 344, in parse
    loader.exec_module(new_module)
  File "<frozen importlib._bootstrap_external>", line 843, in exec_module
  File "<frozen importlib._bootstrap>", line 219, in _call_with_frames_removed
  File "/opt/airflow/dags/data_pipeline.py", line 10, in <module>
    from pipeline.bronze_orders import bronze_ingestion
  File "/opt/airflow/pipeline/bronze_orders.py", line 3, in <module>
    import pyspark
ModuleNotFoundError: No module named 'pyspark'
[2025-09-08T23:42:03.457+0000] {processor.py:842} WARNING - No viable dags retrieved from /opt/airflow/dags/data_pipeline.py
[2025-09-08T23:42:03.763+0000] {processor.py:183} INFO - Processing /opt/airflow/dags/data_pipeline.py took 0.522 seconds
[2025-09-08T23:42:34.873+0000] {processor.py:161} INFO - Started process (PID=37) to work on /opt/airflow/dags/data_pipeline.py
[2025-09-08T23:42:34.912+0000] {processor.py:830} INFO - Processing file /opt/airflow/dags/data_pipeline.py for tasks to queue
[2025-09-08T23:42:34.961+0000] {logging_mixin.py:188} INFO - [2025-09-08T23:42:34.955+0000] {dagbag.py:538} INFO - Filling up the DagBag from /opt/airflow/dags/data_pipeline.py
[2025-09-08T23:42:36.076+0000] {logging_mixin.py:188} INFO - [2025-09-08T23:42:36.012+0000] {dagbag.py:348} ERROR - Failed to import: /opt/airflow/dags/data_pipeline.py
Traceback (most recent call last):
  File "/home/airflow/.local/lib/python3.8/site-packages/airflow/models/dagbag.py", line 344, in parse
    loader.exec_module(new_module)
  File "<frozen importlib._bootstrap_external>", line 843, in exec_module
  File "<frozen importlib._bootstrap>", line 219, in _call_with_frames_removed
  File "/opt/airflow/dags/data_pipeline.py", line 10, in <module>
    from pipeline.bronze_orders import bronze_ingestion
  File "/opt/airflow/pipeline/bronze_orders.py", line 3, in <module>
    import pyspark
ModuleNotFoundError: No module named 'pyspark'
[2025-09-08T23:42:36.098+0000] {processor.py:842} WARNING - No viable dags retrieved from /opt/airflow/dags/data_pipeline.py
[2025-09-08T23:42:37.251+0000] {processor.py:183} INFO - Processing /opt/airflow/dags/data_pipeline.py took 2.599 seconds
[2025-09-08T23:43:24.918+0000] {processor.py:161} INFO - Started process (PID=38) to work on /opt/airflow/dags/data_pipeline.py
[2025-09-08T23:43:24.937+0000] {processor.py:830} INFO - Processing file /opt/airflow/dags/data_pipeline.py for tasks to queue
[2025-09-08T23:43:25.477+0000] {logging_mixin.py:188} INFO - [2025-09-08T23:43:25.455+0000] {dagbag.py:538} INFO - Filling up the DagBag from /opt/airflow/dags/data_pipeline.py
[2025-09-08T23:43:27.320+0000] {logging_mixin.py:188} INFO - [2025-09-08T23:43:26.895+0000] {dagbag.py:348} ERROR - Failed to import: /opt/airflow/dags/data_pipeline.py
Traceback (most recent call last):
  File "/home/airflow/.local/lib/python3.8/site-packages/airflow/models/dagbag.py", line 344, in parse
    loader.exec_module(new_module)
  File "<frozen importlib._bootstrap_external>", line 843, in exec_module
  File "<frozen importlib._bootstrap>", line 219, in _call_with_frames_removed
  File "/opt/airflow/dags/data_pipeline.py", line 10, in <module>
    from pipeline.bronze_orders import bronze_ingestion
  File "/opt/airflow/pipeline/bronze_orders.py", line 3, in <module>
    import pyspark
ModuleNotFoundError: No module named 'pyspark'
[2025-09-08T23:43:27.343+0000] {processor.py:842} WARNING - No viable dags retrieved from /opt/airflow/dags/data_pipeline.py
[2025-09-08T23:43:31.368+0000] {processor.py:183} INFO - Processing /opt/airflow/dags/data_pipeline.py took 6.905 seconds
[2025-09-08T23:44:02.304+0000] {processor.py:161} INFO - Started process (PID=39) to work on /opt/airflow/dags/data_pipeline.py
[2025-09-08T23:44:02.328+0000] {processor.py:830} INFO - Processing file /opt/airflow/dags/data_pipeline.py for tasks to queue
[2025-09-08T23:44:02.355+0000] {logging_mixin.py:188} INFO - [2025-09-08T23:44:02.352+0000] {dagbag.py:538} INFO - Filling up the DagBag from /opt/airflow/dags/data_pipeline.py
[2025-09-08T23:44:02.619+0000] {logging_mixin.py:188} INFO - [2025-09-08T23:44:02.589+0000] {dagbag.py:348} ERROR - Failed to import: /opt/airflow/dags/data_pipeline.py
Traceback (most recent call last):
  File "/home/airflow/.local/lib/python3.8/site-packages/airflow/models/dagbag.py", line 344, in parse
    loader.exec_module(new_module)
  File "<frozen importlib._bootstrap_external>", line 843, in exec_module
  File "<frozen importlib._bootstrap>", line 219, in _call_with_frames_removed
  File "/opt/airflow/dags/data_pipeline.py", line 10, in <module>
    from pipeline.bronze_orders import bronze_ingestion
  File "/opt/airflow/pipeline/bronze_orders.py", line 3, in <module>
    import pyspark
ModuleNotFoundError: No module named 'pyspark'
[2025-09-08T23:44:02.624+0000] {processor.py:842} WARNING - No viable dags retrieved from /opt/airflow/dags/data_pipeline.py
[2025-09-08T23:44:02.818+0000] {processor.py:183} INFO - Processing /opt/airflow/dags/data_pipeline.py took 0.571 seconds
[2025-09-08T23:44:33.171+0000] {processor.py:161} INFO - Started process (PID=40) to work on /opt/airflow/dags/data_pipeline.py
[2025-09-08T23:44:33.179+0000] {processor.py:830} INFO - Processing file /opt/airflow/dags/data_pipeline.py for tasks to queue
[2025-09-08T23:44:33.194+0000] {logging_mixin.py:188} INFO - [2025-09-08T23:44:33.192+0000] {dagbag.py:538} INFO - Filling up the DagBag from /opt/airflow/dags/data_pipeline.py
[2025-09-08T23:44:33.298+0000] {logging_mixin.py:188} INFO - [2025-09-08T23:44:33.282+0000] {dagbag.py:348} ERROR - Failed to import: /opt/airflow/dags/data_pipeline.py
Traceback (most recent call last):
  File "/home/airflow/.local/lib/python3.8/site-packages/airflow/models/dagbag.py", line 344, in parse
    loader.exec_module(new_module)
  File "<frozen importlib._bootstrap_external>", line 843, in exec_module
  File "<frozen importlib._bootstrap>", line 219, in _call_with_frames_removed
  File "/opt/airflow/dags/data_pipeline.py", line 10, in <module>
    from pipeline.bronze_orders import bronze_ingestion
  File "/opt/airflow/pipeline/bronze_orders.py", line 3, in <module>
    import pyspark
ModuleNotFoundError: No module named 'pyspark'
[2025-09-08T23:44:33.304+0000] {processor.py:842} WARNING - No viable dags retrieved from /opt/airflow/dags/data_pipeline.py
[2025-09-08T23:44:33.474+0000] {processor.py:183} INFO - Processing /opt/airflow/dags/data_pipeline.py took 0.330 seconds
[2025-09-08T23:45:04.181+0000] {processor.py:161} INFO - Started process (PID=41) to work on /opt/airflow/dags/data_pipeline.py
[2025-09-08T23:45:04.192+0000] {processor.py:830} INFO - Processing file /opt/airflow/dags/data_pipeline.py for tasks to queue
[2025-09-08T23:45:04.221+0000] {logging_mixin.py:188} INFO - [2025-09-08T23:45:04.218+0000] {dagbag.py:538} INFO - Filling up the DagBag from /opt/airflow/dags/data_pipeline.py
[2025-09-08T23:45:04.378+0000] {logging_mixin.py:188} INFO - [2025-09-08T23:45:04.359+0000] {dagbag.py:348} ERROR - Failed to import: /opt/airflow/dags/data_pipeline.py
Traceback (most recent call last):
  File "/home/airflow/.local/lib/python3.8/site-packages/airflow/models/dagbag.py", line 344, in parse
    loader.exec_module(new_module)
  File "<frozen importlib._bootstrap_external>", line 843, in exec_module
  File "<frozen importlib._bootstrap>", line 219, in _call_with_frames_removed
  File "/opt/airflow/dags/data_pipeline.py", line 10, in <module>
    from pipeline.bronze_orders import bronze_ingestion
  File "/opt/airflow/pipeline/bronze_orders.py", line 3, in <module>
    import pyspark
ModuleNotFoundError: No module named 'pyspark'
[2025-09-08T23:45:04.388+0000] {processor.py:842} WARNING - No viable dags retrieved from /opt/airflow/dags/data_pipeline.py
[2025-09-08T23:45:04.773+0000] {processor.py:183} INFO - Processing /opt/airflow/dags/data_pipeline.py took 0.639 seconds
[2025-09-08T23:45:35.580+0000] {processor.py:161} INFO - Started process (PID=42) to work on /opt/airflow/dags/data_pipeline.py
[2025-09-08T23:45:35.591+0000] {processor.py:830} INFO - Processing file /opt/airflow/dags/data_pipeline.py for tasks to queue
[2025-09-08T23:45:35.810+0000] {logging_mixin.py:188} INFO - [2025-09-08T23:45:35.800+0000] {dagbag.py:538} INFO - Filling up the DagBag from /opt/airflow/dags/data_pipeline.py
[2025-09-08T23:45:35.958+0000] {logging_mixin.py:188} INFO - [2025-09-08T23:45:35.934+0000] {dagbag.py:348} ERROR - Failed to import: /opt/airflow/dags/data_pipeline.py
Traceback (most recent call last):
  File "/home/airflow/.local/lib/python3.8/site-packages/airflow/models/dagbag.py", line 344, in parse
    loader.exec_module(new_module)
  File "<frozen importlib._bootstrap_external>", line 843, in exec_module
  File "<frozen importlib._bootstrap>", line 219, in _call_with_frames_removed
  File "/opt/airflow/dags/data_pipeline.py", line 10, in <module>
    from pipeline.bronze_orders import bronze_ingestion
  File "/opt/airflow/pipeline/bronze_orders.py", line 3, in <module>
    import pyspark
ModuleNotFoundError: No module named 'pyspark'
[2025-09-08T23:45:35.962+0000] {processor.py:842} WARNING - No viable dags retrieved from /opt/airflow/dags/data_pipeline.py
[2025-09-08T23:45:36.218+0000] {processor.py:183} INFO - Processing /opt/airflow/dags/data_pipeline.py took 0.833 seconds
[2025-09-08T23:46:06.664+0000] {processor.py:161} INFO - Started process (PID=43) to work on /opt/airflow/dags/data_pipeline.py
[2025-09-08T23:46:06.677+0000] {processor.py:830} INFO - Processing file /opt/airflow/dags/data_pipeline.py for tasks to queue
[2025-09-08T23:46:06.705+0000] {logging_mixin.py:188} INFO - [2025-09-08T23:46:06.702+0000] {dagbag.py:538} INFO - Filling up the DagBag from /opt/airflow/dags/data_pipeline.py
[2025-09-08T23:46:06.821+0000] {logging_mixin.py:188} INFO - [2025-09-08T23:46:06.804+0000] {dagbag.py:348} ERROR - Failed to import: /opt/airflow/dags/data_pipeline.py
Traceback (most recent call last):
  File "/home/airflow/.local/lib/python3.8/site-packages/airflow/models/dagbag.py", line 344, in parse
    loader.exec_module(new_module)
  File "<frozen importlib._bootstrap_external>", line 843, in exec_module
  File "<frozen importlib._bootstrap>", line 219, in _call_with_frames_removed
  File "/opt/airflow/dags/data_pipeline.py", line 10, in <module>
    from pipeline.bronze_orders import bronze_ingestion
  File "/opt/airflow/pipeline/bronze_orders.py", line 3, in <module>
    import pyspark
ModuleNotFoundError: No module named 'pyspark'
[2025-09-08T23:46:06.829+0000] {processor.py:842} WARNING - No viable dags retrieved from /opt/airflow/dags/data_pipeline.py
[2025-09-08T23:46:07.109+0000] {processor.py:183} INFO - Processing /opt/airflow/dags/data_pipeline.py took 0.487 seconds
[2025-09-08T23:46:37.921+0000] {processor.py:161} INFO - Started process (PID=44) to work on /opt/airflow/dags/data_pipeline.py
[2025-09-08T23:46:37.928+0000] {processor.py:830} INFO - Processing file /opt/airflow/dags/data_pipeline.py for tasks to queue
[2025-09-08T23:46:37.948+0000] {logging_mixin.py:188} INFO - [2025-09-08T23:46:37.946+0000] {dagbag.py:538} INFO - Filling up the DagBag from /opt/airflow/dags/data_pipeline.py
[2025-09-08T23:46:38.011+0000] {logging_mixin.py:188} INFO - [2025-09-08T23:46:38.001+0000] {dagbag.py:348} ERROR - Failed to import: /opt/airflow/dags/data_pipeline.py
Traceback (most recent call last):
  File "/home/airflow/.local/lib/python3.8/site-packages/airflow/models/dagbag.py", line 344, in parse
    loader.exec_module(new_module)
  File "<frozen importlib._bootstrap_external>", line 843, in exec_module
  File "<frozen importlib._bootstrap>", line 219, in _call_with_frames_removed
  File "/opt/airflow/dags/data_pipeline.py", line 10, in <module>
    from pipeline.bronze_orders import bronze_ingestion
  File "/opt/airflow/pipeline/bronze_orders.py", line 3, in <module>
    import pyspark
ModuleNotFoundError: No module named 'pyspark'
[2025-09-08T23:46:38.015+0000] {processor.py:842} WARNING - No viable dags retrieved from /opt/airflow/dags/data_pipeline.py
[2025-09-08T23:46:38.171+0000] {processor.py:183} INFO - Processing /opt/airflow/dags/data_pipeline.py took 0.272 seconds
[2025-09-08T23:47:08.470+0000] {processor.py:161} INFO - Started process (PID=45) to work on /opt/airflow/dags/data_pipeline.py
[2025-09-08T23:47:08.472+0000] {processor.py:830} INFO - Processing file /opt/airflow/dags/data_pipeline.py for tasks to queue
[2025-09-08T23:47:08.476+0000] {logging_mixin.py:188} INFO - [2025-09-08T23:47:08.476+0000] {dagbag.py:538} INFO - Filling up the DagBag from /opt/airflow/dags/data_pipeline.py
[2025-09-08T23:47:08.500+0000] {logging_mixin.py:188} INFO - [2025-09-08T23:47:08.496+0000] {dagbag.py:348} ERROR - Failed to import: /opt/airflow/dags/data_pipeline.py
Traceback (most recent call last):
  File "/home/airflow/.local/lib/python3.8/site-packages/airflow/models/dagbag.py", line 344, in parse
    loader.exec_module(new_module)
  File "<frozen importlib._bootstrap_external>", line 843, in exec_module
  File "<frozen importlib._bootstrap>", line 219, in _call_with_frames_removed
  File "/opt/airflow/dags/data_pipeline.py", line 10, in <module>
    from pipeline.bronze_orders import bronze_ingestion
  File "/opt/airflow/pipeline/bronze_orders.py", line 3, in <module>
    import pyspark
ModuleNotFoundError: No module named 'pyspark'
[2025-09-08T23:47:08.501+0000] {processor.py:842} WARNING - No viable dags retrieved from /opt/airflow/dags/data_pipeline.py
[2025-09-08T23:47:08.551+0000] {processor.py:183} INFO - Processing /opt/airflow/dags/data_pipeline.py took 0.088 seconds
[2025-09-08T23:47:38.786+0000] {processor.py:161} INFO - Started process (PID=46) to work on /opt/airflow/dags/data_pipeline.py
[2025-09-08T23:47:38.789+0000] {processor.py:830} INFO - Processing file /opt/airflow/dags/data_pipeline.py for tasks to queue
[2025-09-08T23:47:38.794+0000] {logging_mixin.py:188} INFO - [2025-09-08T23:47:38.793+0000] {dagbag.py:538} INFO - Filling up the DagBag from /opt/airflow/dags/data_pipeline.py
[2025-09-08T23:47:38.817+0000] {logging_mixin.py:188} INFO - [2025-09-08T23:47:38.813+0000] {dagbag.py:348} ERROR - Failed to import: /opt/airflow/dags/data_pipeline.py
Traceback (most recent call last):
  File "/home/airflow/.local/lib/python3.8/site-packages/airflow/models/dagbag.py", line 344, in parse
    loader.exec_module(new_module)
  File "<frozen importlib._bootstrap_external>", line 843, in exec_module
  File "<frozen importlib._bootstrap>", line 219, in _call_with_frames_removed
  File "/opt/airflow/dags/data_pipeline.py", line 10, in <module>
    from pipeline.bronze_orders import bronze_ingestion
  File "/opt/airflow/pipeline/bronze_orders.py", line 3, in <module>
    import pyspark
ModuleNotFoundError: No module named 'pyspark'
[2025-09-08T23:47:38.819+0000] {processor.py:842} WARNING - No viable dags retrieved from /opt/airflow/dags/data_pipeline.py
[2025-09-08T23:47:38.853+0000] {processor.py:183} INFO - Processing /opt/airflow/dags/data_pipeline.py took 0.076 seconds
[2025-09-08T23:48:09.160+0000] {processor.py:161} INFO - Started process (PID=47) to work on /opt/airflow/dags/data_pipeline.py
[2025-09-08T23:48:09.161+0000] {processor.py:830} INFO - Processing file /opt/airflow/dags/data_pipeline.py for tasks to queue
[2025-09-08T23:48:09.163+0000] {logging_mixin.py:188} INFO - [2025-09-08T23:48:09.163+0000] {dagbag.py:538} INFO - Filling up the DagBag from /opt/airflow/dags/data_pipeline.py
[2025-09-08T23:48:09.176+0000] {logging_mixin.py:188} INFO - [2025-09-08T23:48:09.174+0000] {dagbag.py:348} ERROR - Failed to import: /opt/airflow/dags/data_pipeline.py
Traceback (most recent call last):
  File "/home/airflow/.local/lib/python3.8/site-packages/airflow/models/dagbag.py", line 344, in parse
    loader.exec_module(new_module)
  File "<frozen importlib._bootstrap_external>", line 843, in exec_module
  File "<frozen importlib._bootstrap>", line 219, in _call_with_frames_removed
  File "/opt/airflow/dags/data_pipeline.py", line 10, in <module>
    from pipeline.bronze_orders import bronze_ingestion
  File "/opt/airflow/pipeline/bronze_orders.py", line 3, in <module>
    import pyspark
ModuleNotFoundError: No module named 'pyspark'
[2025-09-08T23:48:09.177+0000] {processor.py:842} WARNING - No viable dags retrieved from /opt/airflow/dags/data_pipeline.py
[2025-09-08T23:48:09.204+0000] {processor.py:183} INFO - Processing /opt/airflow/dags/data_pipeline.py took 0.048 seconds
[2025-09-08T23:59:24.577+0000] {processor.py:161} INFO - Started process (PID=25) to work on /opt/airflow/dags/data_pipeline.py
[2025-09-08T23:59:24.583+0000] {processor.py:830} INFO - Processing file /opt/airflow/dags/data_pipeline.py for tasks to queue
[2025-09-08T23:59:24.602+0000] {logging_mixin.py:188} INFO - [2025-09-08T23:59:24.600+0000] {dagbag.py:538} INFO - Filling up the DagBag from /opt/airflow/dags/data_pipeline.py
[2025-09-08T23:59:24.665+0000] {logging_mixin.py:188} INFO - [2025-09-08T23:59:24.654+0000] {dagbag.py:348} ERROR - Failed to import: /opt/airflow/dags/data_pipeline.py
Traceback (most recent call last):
  File "/home/airflow/.local/lib/python3.8/site-packages/airflow/models/dagbag.py", line 344, in parse
    loader.exec_module(new_module)
  File "<frozen importlib._bootstrap_external>", line 843, in exec_module
  File "<frozen importlib._bootstrap>", line 219, in _call_with_frames_removed
  File "/opt/airflow/dags/data_pipeline.py", line 10, in <module>
    from pipeline.bronze_orders import bronze_ingestion
  File "/opt/airflow/pipeline/bronze_orders.py", line 3, in <module>
    import pyspark
ModuleNotFoundError: No module named 'pyspark'
[2025-09-08T23:59:24.667+0000] {processor.py:842} WARNING - No viable dags retrieved from /opt/airflow/dags/data_pipeline.py
[2025-09-08T23:59:24.770+0000] {processor.py:183} INFO - Processing /opt/airflow/dags/data_pipeline.py took 0.218 seconds
[2025-09-08T23:59:55.349+0000] {processor.py:161} INFO - Started process (PID=26) to work on /opt/airflow/dags/data_pipeline.py
[2025-09-08T23:59:55.352+0000] {processor.py:830} INFO - Processing file /opt/airflow/dags/data_pipeline.py for tasks to queue
[2025-09-08T23:59:55.368+0000] {logging_mixin.py:188} INFO - [2025-09-08T23:59:55.367+0000] {dagbag.py:538} INFO - Filling up the DagBag from /opt/airflow/dags/data_pipeline.py
[2025-09-08T23:59:55.418+0000] {logging_mixin.py:188} INFO - [2025-09-08T23:59:55.410+0000] {dagbag.py:348} ERROR - Failed to import: /opt/airflow/dags/data_pipeline.py
Traceback (most recent call last):
  File "/home/airflow/.local/lib/python3.8/site-packages/airflow/models/dagbag.py", line 344, in parse
    loader.exec_module(new_module)
  File "<frozen importlib._bootstrap_external>", line 843, in exec_module
  File "<frozen importlib._bootstrap>", line 219, in _call_with_frames_removed
  File "/opt/airflow/dags/data_pipeline.py", line 10, in <module>
    from pipeline.bronze_orders import bronze_ingestion
  File "/opt/airflow/pipeline/bronze_orders.py", line 3, in <module>
    import pyspark
ModuleNotFoundError: No module named 'pyspark'
[2025-09-08T23:59:55.420+0000] {processor.py:842} WARNING - No viable dags retrieved from /opt/airflow/dags/data_pipeline.py
[2025-09-08T23:59:55.540+0000] {processor.py:183} INFO - Processing /opt/airflow/dags/data_pipeline.py took 0.212 seconds
