[2025-09-08T15:06:47.124+0000] {processor.py:161} INFO - Started process (PID=25) to work on /opt/airflow/dags/pipeline.py
[2025-09-08T15:06:47.130+0000] {processor.py:830} INFO - Processing file /opt/airflow/dags/pipeline.py for tasks to queue
[2025-09-08T15:06:47.146+0000] {logging_mixin.py:188} INFO - [2025-09-08T15:06:47.145+0000] {dagbag.py:538} INFO - Filling up the DagBag from /opt/airflow/dags/pipeline.py
[2025-09-08T15:06:47.337+0000] {processor.py:840} INFO - DAG(s) 'data_pipeline' retrieved from /opt/airflow/dags/pipeline.py
[2025-09-08T15:06:47.483+0000] {logging_mixin.py:188} INFO - [2025-09-08T15:06:47.482+0000] {dag.py:3033} INFO - Sync 1 DAGs
[2025-09-08T15:06:47.651+0000] {logging_mixin.py:188} INFO - [2025-09-08T15:06:47.649+0000] {dag.py:3820} INFO - Setting next_dagrun for data_pipeline to 2025-09-07T00:00:00+00:00, run_after=2025-09-08T00:00:00+00:00
[2025-09-08T15:06:47.779+0000] {processor.py:183} INFO - Processing /opt/airflow/dags/pipeline.py took 0.684 seconds
[2025-09-08T15:07:17.997+0000] {processor.py:161} INFO - Started process (PID=26) to work on /opt/airflow/dags/pipeline.py
[2025-09-08T15:07:18.001+0000] {processor.py:830} INFO - Processing file /opt/airflow/dags/pipeline.py for tasks to queue
[2025-09-08T15:07:18.012+0000] {logging_mixin.py:188} INFO - [2025-09-08T15:07:18.011+0000] {dagbag.py:538} INFO - Filling up the DagBag from /opt/airflow/dags/pipeline.py
[2025-09-08T15:07:18.071+0000] {processor.py:840} INFO - DAG(s) 'data_pipeline' retrieved from /opt/airflow/dags/pipeline.py
[2025-09-08T15:07:18.858+0000] {logging_mixin.py:188} INFO - [2025-09-08T15:07:18.858+0000] {dag.py:3033} INFO - Sync 1 DAGs
[2025-09-08T15:07:18.939+0000] {logging_mixin.py:188} INFO - [2025-09-08T15:07:18.938+0000] {dag.py:3820} INFO - Setting next_dagrun for data_pipeline to 2025-09-07T00:00:00+00:00, run_after=2025-09-08T00:00:00+00:00
[2025-09-08T15:07:19.001+0000] {processor.py:183} INFO - Processing /opt/airflow/dags/pipeline.py took 1.016 seconds
[2025-09-08T15:07:50.086+0000] {processor.py:161} INFO - Started process (PID=27) to work on /opt/airflow/dags/pipeline.py
[2025-09-08T15:07:50.096+0000] {processor.py:830} INFO - Processing file /opt/airflow/dags/pipeline.py for tasks to queue
[2025-09-08T15:07:50.135+0000] {logging_mixin.py:188} INFO - [2025-09-08T15:07:50.133+0000] {dagbag.py:538} INFO - Filling up the DagBag from /opt/airflow/dags/pipeline.py
[2025-09-08T15:07:50.424+0000] {processor.py:840} INFO - DAG(s) 'data_pipeline' retrieved from /opt/airflow/dags/pipeline.py
[2025-09-08T15:07:50.955+0000] {logging_mixin.py:188} INFO - [2025-09-08T15:07:50.954+0000] {dag.py:3033} INFO - Sync 1 DAGs
[2025-09-08T15:07:51.186+0000] {logging_mixin.py:188} INFO - [2025-09-08T15:07:51.185+0000] {dag.py:3820} INFO - Setting next_dagrun for data_pipeline to 2025-09-07T00:00:00+00:00, run_after=2025-09-08T00:00:00+00:00
[2025-09-08T15:07:51.347+0000] {processor.py:183} INFO - Processing /opt/airflow/dags/pipeline.py took 1.288 seconds
[2025-09-08T15:08:23.149+0000] {processor.py:161} INFO - Started process (PID=28) to work on /opt/airflow/dags/pipeline.py
[2025-09-08T15:08:23.158+0000] {processor.py:830} INFO - Processing file /opt/airflow/dags/pipeline.py for tasks to queue
[2025-09-08T15:08:23.198+0000] {logging_mixin.py:188} INFO - [2025-09-08T15:08:23.195+0000] {dagbag.py:538} INFO - Filling up the DagBag from /opt/airflow/dags/pipeline.py
[2025-09-08T15:08:23.418+0000] {processor.py:840} INFO - DAG(s) 'data_pipeline' retrieved from /opt/airflow/dags/pipeline.py
[2025-09-08T15:08:23.960+0000] {logging_mixin.py:188} INFO - [2025-09-08T15:08:23.959+0000] {dag.py:3033} INFO - Sync 1 DAGs
[2025-09-08T15:08:24.246+0000] {logging_mixin.py:188} INFO - [2025-09-08T15:08:24.245+0000] {dag.py:3820} INFO - Setting next_dagrun for data_pipeline to 2025-09-07T00:00:00+00:00, run_after=2025-09-08T00:00:00+00:00
[2025-09-08T15:08:24.414+0000] {processor.py:183} INFO - Processing /opt/airflow/dags/pipeline.py took 1.449 seconds
[2025-09-08T15:08:55.620+0000] {processor.py:161} INFO - Started process (PID=29) to work on /opt/airflow/dags/pipeline.py
[2025-09-08T15:08:55.630+0000] {processor.py:830} INFO - Processing file /opt/airflow/dags/pipeline.py for tasks to queue
[2025-09-08T15:08:55.656+0000] {logging_mixin.py:188} INFO - [2025-09-08T15:08:55.654+0000] {dagbag.py:538} INFO - Filling up the DagBag from /opt/airflow/dags/pipeline.py
[2025-09-08T15:08:55.906+0000] {processor.py:840} INFO - DAG(s) 'data_pipeline' retrieved from /opt/airflow/dags/pipeline.py
[2025-09-08T15:08:56.178+0000] {logging_mixin.py:188} INFO - [2025-09-08T15:08:56.178+0000] {dag.py:3033} INFO - Sync 1 DAGs
[2025-09-08T15:08:56.350+0000] {logging_mixin.py:188} INFO - [2025-09-08T15:08:56.349+0000] {dag.py:3820} INFO - Setting next_dagrun for data_pipeline to 2025-09-07T00:00:00+00:00, run_after=2025-09-08T00:00:00+00:00
[2025-09-08T15:08:56.462+0000] {processor.py:183} INFO - Processing /opt/airflow/dags/pipeline.py took 0.874 seconds
[2025-09-08T15:09:26.918+0000] {processor.py:161} INFO - Started process (PID=30) to work on /opt/airflow/dags/pipeline.py
[2025-09-08T15:09:26.928+0000] {processor.py:830} INFO - Processing file /opt/airflow/dags/pipeline.py for tasks to queue
[2025-09-08T15:09:26.944+0000] {logging_mixin.py:188} INFO - [2025-09-08T15:09:26.943+0000] {dagbag.py:538} INFO - Filling up the DagBag from /opt/airflow/dags/pipeline.py
[2025-09-08T15:09:27.026+0000] {processor.py:840} INFO - DAG(s) 'data_pipeline' retrieved from /opt/airflow/dags/pipeline.py
[2025-09-08T15:09:28.217+0000] {logging_mixin.py:188} INFO - [2025-09-08T15:09:28.216+0000] {dag.py:3033} INFO - Sync 1 DAGs
[2025-09-08T15:09:28.492+0000] {logging_mixin.py:188} INFO - [2025-09-08T15:09:28.492+0000] {dag.py:3820} INFO - Setting next_dagrun for data_pipeline to 2025-09-07T00:00:00+00:00, run_after=2025-09-08T00:00:00+00:00
[2025-09-08T15:09:28.680+0000] {processor.py:183} INFO - Processing /opt/airflow/dags/pipeline.py took 1.795 seconds
[2025-09-08T15:09:59.919+0000] {processor.py:161} INFO - Started process (PID=31) to work on /opt/airflow/dags/pipeline.py
[2025-09-08T15:09:59.952+0000] {processor.py:830} INFO - Processing file /opt/airflow/dags/pipeline.py for tasks to queue
[2025-09-08T15:09:59.983+0000] {logging_mixin.py:188} INFO - [2025-09-08T15:09:59.977+0000] {dagbag.py:538} INFO - Filling up the DagBag from /opt/airflow/dags/pipeline.py
[2025-09-08T15:10:00.208+0000] {processor.py:840} INFO - DAG(s) 'data_pipeline' retrieved from /opt/airflow/dags/pipeline.py
[2025-09-08T15:10:00.978+0000] {logging_mixin.py:188} INFO - [2025-09-08T15:10:00.978+0000] {dag.py:3033} INFO - Sync 1 DAGs
[2025-09-08T15:10:01.233+0000] {logging_mixin.py:188} INFO - [2025-09-08T15:10:01.233+0000] {dag.py:3820} INFO - Setting next_dagrun for data_pipeline to 2025-09-07T00:00:00+00:00, run_after=2025-09-08T00:00:00+00:00
[2025-09-08T15:10:01.362+0000] {processor.py:183} INFO - Processing /opt/airflow/dags/pipeline.py took 1.508 seconds
[2025-09-08T15:10:32.988+0000] {processor.py:161} INFO - Started process (PID=32) to work on /opt/airflow/dags/pipeline.py
[2025-09-08T15:10:33.008+0000] {processor.py:830} INFO - Processing file /opt/airflow/dags/pipeline.py for tasks to queue
[2025-09-08T15:10:33.096+0000] {logging_mixin.py:188} INFO - [2025-09-08T15:10:33.092+0000] {dagbag.py:538} INFO - Filling up the DagBag from /opt/airflow/dags/pipeline.py
[2025-09-08T15:10:33.458+0000] {processor.py:840} INFO - DAG(s) 'data_pipeline' retrieved from /opt/airflow/dags/pipeline.py
[2025-09-08T15:10:33.828+0000] {logging_mixin.py:188} INFO - [2025-09-08T15:10:33.827+0000] {dag.py:3033} INFO - Sync 1 DAGs
[2025-09-08T15:10:34.104+0000] {logging_mixin.py:188} INFO - [2025-09-08T15:10:34.103+0000] {dag.py:3820} INFO - Setting next_dagrun for data_pipeline to 2025-09-07T00:00:00+00:00, run_after=2025-09-08T00:00:00+00:00
[2025-09-08T15:10:34.357+0000] {processor.py:183} INFO - Processing /opt/airflow/dags/pipeline.py took 1.423 seconds
[2025-09-08T15:11:04.617+0000] {processor.py:161} INFO - Started process (PID=33) to work on /opt/airflow/dags/pipeline.py
[2025-09-08T15:11:04.622+0000] {processor.py:830} INFO - Processing file /opt/airflow/dags/pipeline.py for tasks to queue
[2025-09-08T15:11:04.638+0000] {logging_mixin.py:188} INFO - [2025-09-08T15:11:04.636+0000] {dagbag.py:538} INFO - Filling up the DagBag from /opt/airflow/dags/pipeline.py
[2025-09-08T15:11:04.727+0000] {processor.py:840} INFO - DAG(s) 'data_pipeline' retrieved from /opt/airflow/dags/pipeline.py
[2025-09-08T15:11:04.888+0000] {logging_mixin.py:188} INFO - [2025-09-08T15:11:04.887+0000] {dag.py:3033} INFO - Sync 1 DAGs
[2025-09-08T15:11:05.058+0000] {logging_mixin.py:188} INFO - [2025-09-08T15:11:05.057+0000] {dag.py:3820} INFO - Setting next_dagrun for data_pipeline to 2025-09-07T00:00:00+00:00, run_after=2025-09-08T00:00:00+00:00
[2025-09-08T15:11:05.315+0000] {processor.py:183} INFO - Processing /opt/airflow/dags/pipeline.py took 0.725 seconds
[2025-09-08T15:11:35.412+0000] {processor.py:161} INFO - Started process (PID=34) to work on /opt/airflow/dags/pipeline.py
[2025-09-08T15:11:35.422+0000] {processor.py:830} INFO - Processing file /opt/airflow/dags/pipeline.py for tasks to queue
[2025-09-08T15:11:35.444+0000] {logging_mixin.py:188} INFO - [2025-09-08T15:11:35.442+0000] {dagbag.py:538} INFO - Filling up the DagBag from /opt/airflow/dags/pipeline.py
[2025-09-08T15:11:35.604+0000] {processor.py:840} INFO - DAG(s) 'data_pipeline' retrieved from /opt/airflow/dags/pipeline.py
[2025-09-08T15:11:35.738+0000] {logging_mixin.py:188} INFO - [2025-09-08T15:11:35.738+0000] {dag.py:3033} INFO - Sync 1 DAGs
[2025-09-08T15:11:35.821+0000] {logging_mixin.py:188} INFO - [2025-09-08T15:11:35.821+0000] {dag.py:3820} INFO - Setting next_dagrun for data_pipeline to 2025-09-07T00:00:00+00:00, run_after=2025-09-08T00:00:00+00:00
[2025-09-08T15:11:35.871+0000] {processor.py:183} INFO - Processing /opt/airflow/dags/pipeline.py took 0.492 seconds
[2025-09-08T15:12:06.311+0000] {processor.py:161} INFO - Started process (PID=35) to work on /opt/airflow/dags/pipeline.py
[2025-09-08T15:12:06.314+0000] {processor.py:830} INFO - Processing file /opt/airflow/dags/pipeline.py for tasks to queue
[2025-09-08T15:12:06.320+0000] {logging_mixin.py:188} INFO - [2025-09-08T15:12:06.320+0000] {dagbag.py:538} INFO - Filling up the DagBag from /opt/airflow/dags/pipeline.py
[2025-09-08T15:12:06.353+0000] {processor.py:840} INFO - DAG(s) 'data_pipeline' retrieved from /opt/airflow/dags/pipeline.py
[2025-09-08T15:12:06.401+0000] {logging_mixin.py:188} INFO - [2025-09-08T15:12:06.401+0000] {dag.py:3033} INFO - Sync 1 DAGs
[2025-09-08T15:12:06.437+0000] {logging_mixin.py:188} INFO - [2025-09-08T15:12:06.437+0000] {dag.py:3820} INFO - Setting next_dagrun for data_pipeline to 2025-09-07T00:00:00+00:00, run_after=2025-09-08T00:00:00+00:00
[2025-09-08T15:12:06.466+0000] {processor.py:183} INFO - Processing /opt/airflow/dags/pipeline.py took 0.165 seconds
[2025-09-08T15:12:36.657+0000] {processor.py:161} INFO - Started process (PID=36) to work on /opt/airflow/dags/pipeline.py
[2025-09-08T15:12:36.659+0000] {processor.py:830} INFO - Processing file /opt/airflow/dags/pipeline.py for tasks to queue
[2025-09-08T15:12:36.665+0000] {logging_mixin.py:188} INFO - [2025-09-08T15:12:36.664+0000] {dagbag.py:538} INFO - Filling up the DagBag from /opt/airflow/dags/pipeline.py
[2025-09-08T15:12:36.694+0000] {processor.py:840} INFO - DAG(s) 'data_pipeline' retrieved from /opt/airflow/dags/pipeline.py
[2025-09-08T15:12:36.774+0000] {logging_mixin.py:188} INFO - [2025-09-08T15:12:36.774+0000] {dag.py:3033} INFO - Sync 1 DAGs
[2025-09-08T15:12:36.833+0000] {logging_mixin.py:188} INFO - [2025-09-08T15:12:36.832+0000] {dag.py:3820} INFO - Setting next_dagrun for data_pipeline to 2025-09-07T00:00:00+00:00, run_after=2025-09-08T00:00:00+00:00
[2025-09-08T15:12:36.861+0000] {processor.py:183} INFO - Processing /opt/airflow/dags/pipeline.py took 0.211 seconds
[2025-09-08T15:13:07.376+0000] {processor.py:161} INFO - Started process (PID=37) to work on /opt/airflow/dags/pipeline.py
[2025-09-08T15:13:07.380+0000] {processor.py:830} INFO - Processing file /opt/airflow/dags/pipeline.py for tasks to queue
[2025-09-08T15:13:07.399+0000] {logging_mixin.py:188} INFO - [2025-09-08T15:13:07.398+0000] {dagbag.py:538} INFO - Filling up the DagBag from /opt/airflow/dags/pipeline.py
[2025-09-08T15:13:07.486+0000] {processor.py:840} INFO - DAG(s) 'data_pipeline' retrieved from /opt/airflow/dags/pipeline.py
[2025-09-08T15:13:07.641+0000] {logging_mixin.py:188} INFO - [2025-09-08T15:13:07.641+0000] {dag.py:3033} INFO - Sync 1 DAGs
[2025-09-08T15:13:07.754+0000] {logging_mixin.py:188} INFO - [2025-09-08T15:13:07.753+0000] {dag.py:3820} INFO - Setting next_dagrun for data_pipeline to 2025-09-07T00:00:00+00:00, run_after=2025-09-08T00:00:00+00:00
[2025-09-08T15:13:07.824+0000] {processor.py:183} INFO - Processing /opt/airflow/dags/pipeline.py took 0.489 seconds
[2025-09-08T15:13:38.418+0000] {processor.py:161} INFO - Started process (PID=38) to work on /opt/airflow/dags/pipeline.py
[2025-09-08T15:13:38.421+0000] {processor.py:830} INFO - Processing file /opt/airflow/dags/pipeline.py for tasks to queue
[2025-09-08T15:13:38.428+0000] {logging_mixin.py:188} INFO - [2025-09-08T15:13:38.427+0000] {dagbag.py:538} INFO - Filling up the DagBag from /opt/airflow/dags/pipeline.py
[2025-09-08T15:13:38.483+0000] {processor.py:840} INFO - DAG(s) 'data_pipeline' retrieved from /opt/airflow/dags/pipeline.py
[2025-09-08T15:13:38.571+0000] {logging_mixin.py:188} INFO - [2025-09-08T15:13:38.571+0000] {dag.py:3033} INFO - Sync 1 DAGs
[2025-09-08T15:13:38.617+0000] {logging_mixin.py:188} INFO - [2025-09-08T15:13:38.617+0000] {dag.py:3820} INFO - Setting next_dagrun for data_pipeline to 2025-09-08T00:00:00+00:00, run_after=2025-09-09T00:00:00+00:00
[2025-09-08T15:13:38.649+0000] {processor.py:183} INFO - Processing /opt/airflow/dags/pipeline.py took 0.244 seconds
[2025-09-08T15:14:08.724+0000] {processor.py:161} INFO - Started process (PID=39) to work on /opt/airflow/dags/pipeline.py
[2025-09-08T15:14:08.726+0000] {processor.py:830} INFO - Processing file /opt/airflow/dags/pipeline.py for tasks to queue
[2025-09-08T15:14:08.731+0000] {logging_mixin.py:188} INFO - [2025-09-08T15:14:08.731+0000] {dagbag.py:538} INFO - Filling up the DagBag from /opt/airflow/dags/pipeline.py
[2025-09-08T15:14:08.757+0000] {processor.py:840} INFO - DAG(s) 'data_pipeline' retrieved from /opt/airflow/dags/pipeline.py
[2025-09-08T15:14:08.812+0000] {logging_mixin.py:188} INFO - [2025-09-08T15:14:08.812+0000] {dag.py:3033} INFO - Sync 1 DAGs
[2025-09-08T15:14:08.845+0000] {logging_mixin.py:188} INFO - [2025-09-08T15:14:08.844+0000] {dag.py:3820} INFO - Setting next_dagrun for data_pipeline to 2025-09-08T00:00:00+00:00, run_after=2025-09-09T00:00:00+00:00
[2025-09-08T15:14:08.871+0000] {processor.py:183} INFO - Processing /opt/airflow/dags/pipeline.py took 0.154 seconds
[2025-09-08T15:14:39.266+0000] {processor.py:161} INFO - Started process (PID=40) to work on /opt/airflow/dags/pipeline.py
[2025-09-08T15:14:39.269+0000] {processor.py:830} INFO - Processing file /opt/airflow/dags/pipeline.py for tasks to queue
[2025-09-08T15:14:39.295+0000] {logging_mixin.py:188} INFO - [2025-09-08T15:14:39.294+0000] {dagbag.py:538} INFO - Filling up the DagBag from /opt/airflow/dags/pipeline.py
[2025-09-08T15:14:39.340+0000] {processor.py:840} INFO - DAG(s) 'data_pipeline' retrieved from /opt/airflow/dags/pipeline.py
[2025-09-08T15:14:39.595+0000] {logging_mixin.py:188} INFO - [2025-09-08T15:14:39.594+0000] {dag.py:3033} INFO - Sync 1 DAGs
[2025-09-08T15:14:39.802+0000] {logging_mixin.py:188} INFO - [2025-09-08T15:14:39.801+0000] {dag.py:3820} INFO - Setting next_dagrun for data_pipeline to 2025-09-08T00:00:00+00:00, run_after=2025-09-09T00:00:00+00:00
[2025-09-08T15:14:39.937+0000] {processor.py:183} INFO - Processing /opt/airflow/dags/pipeline.py took 0.703 seconds
[2025-09-08T15:15:10.453+0000] {processor.py:161} INFO - Started process (PID=41) to work on /opt/airflow/dags/pipeline.py
[2025-09-08T15:15:10.454+0000] {processor.py:830} INFO - Processing file /opt/airflow/dags/pipeline.py for tasks to queue
[2025-09-08T15:15:10.459+0000] {logging_mixin.py:188} INFO - [2025-09-08T15:15:10.459+0000] {dagbag.py:538} INFO - Filling up the DagBag from /opt/airflow/dags/pipeline.py
[2025-09-08T15:15:10.479+0000] {processor.py:840} INFO - DAG(s) 'data_pipeline' retrieved from /opt/airflow/dags/pipeline.py
[2025-09-08T15:15:10.519+0000] {logging_mixin.py:188} INFO - [2025-09-08T15:15:10.519+0000] {dag.py:3033} INFO - Sync 1 DAGs
[2025-09-08T15:15:10.554+0000] {logging_mixin.py:188} INFO - [2025-09-08T15:15:10.554+0000] {dag.py:3820} INFO - Setting next_dagrun for data_pipeline to 2025-09-08T00:00:00+00:00, run_after=2025-09-09T00:00:00+00:00
[2025-09-08T15:15:10.581+0000] {processor.py:183} INFO - Processing /opt/airflow/dags/pipeline.py took 0.134 seconds
[2025-09-08T15:15:40.846+0000] {processor.py:161} INFO - Started process (PID=42) to work on /opt/airflow/dags/pipeline.py
[2025-09-08T15:15:40.848+0000] {processor.py:830} INFO - Processing file /opt/airflow/dags/pipeline.py for tasks to queue
[2025-09-08T15:15:40.851+0000] {logging_mixin.py:188} INFO - [2025-09-08T15:15:40.851+0000] {dagbag.py:538} INFO - Filling up the DagBag from /opt/airflow/dags/pipeline.py
[2025-09-08T15:15:40.868+0000] {processor.py:840} INFO - DAG(s) 'data_pipeline' retrieved from /opt/airflow/dags/pipeline.py
[2025-09-08T15:15:40.902+0000] {logging_mixin.py:188} INFO - [2025-09-08T15:15:40.902+0000] {dag.py:3033} INFO - Sync 1 DAGs
[2025-09-08T15:15:40.933+0000] {logging_mixin.py:188} INFO - [2025-09-08T15:15:40.933+0000] {dag.py:3820} INFO - Setting next_dagrun for data_pipeline to 2025-09-08T00:00:00+00:00, run_after=2025-09-09T00:00:00+00:00
[2025-09-08T15:15:40.964+0000] {processor.py:183} INFO - Processing /opt/airflow/dags/pipeline.py took 0.123 seconds
[2025-09-08T15:16:11.267+0000] {processor.py:161} INFO - Started process (PID=43) to work on /opt/airflow/dags/pipeline.py
[2025-09-08T15:16:11.273+0000] {processor.py:830} INFO - Processing file /opt/airflow/dags/pipeline.py for tasks to queue
[2025-09-08T15:16:11.285+0000] {logging_mixin.py:188} INFO - [2025-09-08T15:16:11.284+0000] {dagbag.py:538} INFO - Filling up the DagBag from /opt/airflow/dags/pipeline.py
[2025-09-08T15:16:11.380+0000] {processor.py:840} INFO - DAG(s) 'data_pipeline' retrieved from /opt/airflow/dags/pipeline.py
[2025-09-08T15:16:11.529+0000] {logging_mixin.py:188} INFO - [2025-09-08T15:16:11.528+0000] {dag.py:3033} INFO - Sync 1 DAGs
[2025-09-08T15:16:11.695+0000] {logging_mixin.py:188} INFO - [2025-09-08T15:16:11.695+0000] {dag.py:3820} INFO - Setting next_dagrun for data_pipeline to 2025-09-08T00:00:00+00:00, run_after=2025-09-09T00:00:00+00:00
[2025-09-08T15:16:11.996+0000] {processor.py:183} INFO - Processing /opt/airflow/dags/pipeline.py took 0.761 seconds
[2025-09-08T15:16:42.409+0000] {processor.py:161} INFO - Started process (PID=44) to work on /opt/airflow/dags/pipeline.py
[2025-09-08T15:16:42.411+0000] {processor.py:830} INFO - Processing file /opt/airflow/dags/pipeline.py for tasks to queue
[2025-09-08T15:16:42.416+0000] {logging_mixin.py:188} INFO - [2025-09-08T15:16:42.415+0000] {dagbag.py:538} INFO - Filling up the DagBag from /opt/airflow/dags/pipeline.py
[2025-09-08T15:16:42.445+0000] {processor.py:840} INFO - DAG(s) 'data_pipeline' retrieved from /opt/airflow/dags/pipeline.py
[2025-09-08T15:16:42.489+0000] {logging_mixin.py:188} INFO - [2025-09-08T15:16:42.489+0000] {dag.py:3033} INFO - Sync 1 DAGs
[2025-09-08T15:16:42.524+0000] {logging_mixin.py:188} INFO - [2025-09-08T15:16:42.524+0000] {dag.py:3820} INFO - Setting next_dagrun for data_pipeline to 2025-09-08T00:00:00+00:00, run_after=2025-09-09T00:00:00+00:00
[2025-09-08T15:16:42.557+0000] {processor.py:183} INFO - Processing /opt/airflow/dags/pipeline.py took 0.155 seconds
[2025-09-08T15:17:12.838+0000] {processor.py:161} INFO - Started process (PID=45) to work on /opt/airflow/dags/pipeline.py
[2025-09-08T15:17:12.840+0000] {processor.py:830} INFO - Processing file /opt/airflow/dags/pipeline.py for tasks to queue
[2025-09-08T15:17:12.846+0000] {logging_mixin.py:188} INFO - [2025-09-08T15:17:12.845+0000] {dagbag.py:538} INFO - Filling up the DagBag from /opt/airflow/dags/pipeline.py
[2025-09-08T15:17:12.872+0000] {processor.py:840} INFO - DAG(s) 'data_pipeline' retrieved from /opt/airflow/dags/pipeline.py
[2025-09-08T15:17:12.914+0000] {logging_mixin.py:188} INFO - [2025-09-08T15:17:12.913+0000] {dag.py:3033} INFO - Sync 1 DAGs
[2025-09-08T15:17:12.944+0000] {logging_mixin.py:188} INFO - [2025-09-08T15:17:12.943+0000] {dag.py:3820} INFO - Setting next_dagrun for data_pipeline to 2025-09-08T00:00:00+00:00, run_after=2025-09-09T00:00:00+00:00
[2025-09-08T15:17:12.970+0000] {processor.py:183} INFO - Processing /opt/airflow/dags/pipeline.py took 0.145 seconds
[2025-09-08T15:17:43.220+0000] {processor.py:161} INFO - Started process (PID=46) to work on /opt/airflow/dags/pipeline.py
[2025-09-08T15:17:43.221+0000] {processor.py:830} INFO - Processing file /opt/airflow/dags/pipeline.py for tasks to queue
[2025-09-08T15:17:43.224+0000] {logging_mixin.py:188} INFO - [2025-09-08T15:17:43.224+0000] {dagbag.py:538} INFO - Filling up the DagBag from /opt/airflow/dags/pipeline.py
[2025-09-08T15:17:43.245+0000] {processor.py:840} INFO - DAG(s) 'data_pipeline' retrieved from /opt/airflow/dags/pipeline.py
[2025-09-08T15:17:43.285+0000] {logging_mixin.py:188} INFO - [2025-09-08T15:17:43.284+0000] {dag.py:3033} INFO - Sync 1 DAGs
[2025-09-08T15:17:43.340+0000] {logging_mixin.py:188} INFO - [2025-09-08T15:17:43.339+0000] {dag.py:3820} INFO - Setting next_dagrun for data_pipeline to 2025-09-08T00:00:00+00:00, run_after=2025-09-09T00:00:00+00:00
[2025-09-08T15:17:43.375+0000] {processor.py:183} INFO - Processing /opt/airflow/dags/pipeline.py took 0.160 seconds
[2025-09-08T15:18:13.697+0000] {processor.py:161} INFO - Started process (PID=47) to work on /opt/airflow/dags/pipeline.py
[2025-09-08T15:18:13.699+0000] {processor.py:830} INFO - Processing file /opt/airflow/dags/pipeline.py for tasks to queue
[2025-09-08T15:18:13.703+0000] {logging_mixin.py:188} INFO - [2025-09-08T15:18:13.703+0000] {dagbag.py:538} INFO - Filling up the DagBag from /opt/airflow/dags/pipeline.py
[2025-09-08T15:18:13.732+0000] {processor.py:840} INFO - DAG(s) 'data_pipeline' retrieved from /opt/airflow/dags/pipeline.py
[2025-09-08T15:18:13.770+0000] {logging_mixin.py:188} INFO - [2025-09-08T15:18:13.770+0000] {dag.py:3033} INFO - Sync 1 DAGs
[2025-09-08T15:18:13.803+0000] {logging_mixin.py:188} INFO - [2025-09-08T15:18:13.802+0000] {dag.py:3820} INFO - Setting next_dagrun for data_pipeline to 2025-09-08T00:00:00+00:00, run_after=2025-09-09T00:00:00+00:00
[2025-09-08T15:18:13.829+0000] {processor.py:183} INFO - Processing /opt/airflow/dags/pipeline.py took 0.138 seconds
[2025-09-08T15:18:44.048+0000] {processor.py:161} INFO - Started process (PID=48) to work on /opt/airflow/dags/pipeline.py
[2025-09-08T15:18:44.051+0000] {processor.py:830} INFO - Processing file /opt/airflow/dags/pipeline.py for tasks to queue
[2025-09-08T15:18:44.059+0000] {logging_mixin.py:188} INFO - [2025-09-08T15:18:44.058+0000] {dagbag.py:538} INFO - Filling up the DagBag from /opt/airflow/dags/pipeline.py
[2025-09-08T15:18:44.099+0000] {processor.py:840} INFO - DAG(s) 'data_pipeline' retrieved from /opt/airflow/dags/pipeline.py
[2025-09-08T15:18:44.160+0000] {logging_mixin.py:188} INFO - [2025-09-08T15:18:44.160+0000] {dag.py:3033} INFO - Sync 1 DAGs
[2025-09-08T15:18:44.208+0000] {logging_mixin.py:188} INFO - [2025-09-08T15:18:44.207+0000] {dag.py:3820} INFO - Setting next_dagrun for data_pipeline to 2025-09-08T00:00:00+00:00, run_after=2025-09-09T00:00:00+00:00
[2025-09-08T15:18:44.241+0000] {processor.py:183} INFO - Processing /opt/airflow/dags/pipeline.py took 0.201 seconds
[2025-09-08T15:19:14.471+0000] {processor.py:161} INFO - Started process (PID=49) to work on /opt/airflow/dags/pipeline.py
[2025-09-08T15:19:14.474+0000] {processor.py:830} INFO - Processing file /opt/airflow/dags/pipeline.py for tasks to queue
[2025-09-08T15:19:14.479+0000] {logging_mixin.py:188} INFO - [2025-09-08T15:19:14.478+0000] {dagbag.py:538} INFO - Filling up the DagBag from /opt/airflow/dags/pipeline.py
[2025-09-08T15:19:14.500+0000] {processor.py:840} INFO - DAG(s) 'data_pipeline' retrieved from /opt/airflow/dags/pipeline.py
[2025-09-08T15:19:14.538+0000] {logging_mixin.py:188} INFO - [2025-09-08T15:19:14.538+0000] {dag.py:3033} INFO - Sync 1 DAGs
[2025-09-08T15:19:14.571+0000] {logging_mixin.py:188} INFO - [2025-09-08T15:19:14.571+0000] {dag.py:3820} INFO - Setting next_dagrun for data_pipeline to 2025-09-08T00:00:00+00:00, run_after=2025-09-09T00:00:00+00:00
[2025-09-08T15:19:14.601+0000] {processor.py:183} INFO - Processing /opt/airflow/dags/pipeline.py took 0.138 seconds
[2025-09-08T15:19:45.067+0000] {processor.py:161} INFO - Started process (PID=50) to work on /opt/airflow/dags/pipeline.py
[2025-09-08T15:19:45.074+0000] {processor.py:830} INFO - Processing file /opt/airflow/dags/pipeline.py for tasks to queue
[2025-09-08T15:19:45.085+0000] {logging_mixin.py:188} INFO - [2025-09-08T15:19:45.082+0000] {dagbag.py:538} INFO - Filling up the DagBag from /opt/airflow/dags/pipeline.py
[2025-09-08T15:19:45.131+0000] {processor.py:840} INFO - DAG(s) 'data_pipeline' retrieved from /opt/airflow/dags/pipeline.py
[2025-09-08T15:19:45.238+0000] {logging_mixin.py:188} INFO - [2025-09-08T15:19:45.238+0000] {dag.py:3033} INFO - Sync 1 DAGs
[2025-09-08T15:19:45.310+0000] {logging_mixin.py:188} INFO - [2025-09-08T15:19:45.309+0000] {dag.py:3820} INFO - Setting next_dagrun for data_pipeline to 2025-09-08T00:00:00+00:00, run_after=2025-09-09T00:00:00+00:00
[2025-09-08T15:19:45.453+0000] {processor.py:183} INFO - Processing /opt/airflow/dags/pipeline.py took 0.396 seconds
[2025-09-08T15:20:15.726+0000] {processor.py:161} INFO - Started process (PID=51) to work on /opt/airflow/dags/pipeline.py
[2025-09-08T15:20:15.729+0000] {processor.py:830} INFO - Processing file /opt/airflow/dags/pipeline.py for tasks to queue
[2025-09-08T15:20:15.736+0000] {logging_mixin.py:188} INFO - [2025-09-08T15:20:15.736+0000] {dagbag.py:538} INFO - Filling up the DagBag from /opt/airflow/dags/pipeline.py
[2025-09-08T15:20:15.765+0000] {processor.py:840} INFO - DAG(s) 'data_pipeline' retrieved from /opt/airflow/dags/pipeline.py
[2025-09-08T15:20:15.800+0000] {logging_mixin.py:188} INFO - [2025-09-08T15:20:15.799+0000] {dag.py:3033} INFO - Sync 1 DAGs
[2025-09-08T15:20:15.830+0000] {logging_mixin.py:188} INFO - [2025-09-08T15:20:15.829+0000] {dag.py:3820} INFO - Setting next_dagrun for data_pipeline to 2025-09-08T00:00:00+00:00, run_after=2025-09-09T00:00:00+00:00
[2025-09-08T15:20:15.855+0000] {processor.py:183} INFO - Processing /opt/airflow/dags/pipeline.py took 0.140 seconds
[2025-09-08T15:20:46.045+0000] {processor.py:161} INFO - Started process (PID=52) to work on /opt/airflow/dags/pipeline.py
[2025-09-08T15:20:46.048+0000] {processor.py:830} INFO - Processing file /opt/airflow/dags/pipeline.py for tasks to queue
[2025-09-08T15:20:46.053+0000] {logging_mixin.py:188} INFO - [2025-09-08T15:20:46.053+0000] {dagbag.py:538} INFO - Filling up the DagBag from /opt/airflow/dags/pipeline.py
[2025-09-08T15:20:46.083+0000] {processor.py:840} INFO - DAG(s) 'data_pipeline' retrieved from /opt/airflow/dags/pipeline.py
[2025-09-08T15:20:46.127+0000] {logging_mixin.py:188} INFO - [2025-09-08T15:20:46.126+0000] {dag.py:3033} INFO - Sync 1 DAGs
[2025-09-08T15:20:46.161+0000] {logging_mixin.py:188} INFO - [2025-09-08T15:20:46.160+0000] {dag.py:3820} INFO - Setting next_dagrun for data_pipeline to 2025-09-08T00:00:00+00:00, run_after=2025-09-09T00:00:00+00:00
[2025-09-08T15:20:46.190+0000] {processor.py:183} INFO - Processing /opt/airflow/dags/pipeline.py took 0.154 seconds
[2025-09-08T15:21:16.598+0000] {processor.py:161} INFO - Started process (PID=53) to work on /opt/airflow/dags/pipeline.py
[2025-09-08T15:21:16.603+0000] {processor.py:830} INFO - Processing file /opt/airflow/dags/pipeline.py for tasks to queue
[2025-09-08T15:21:16.616+0000] {logging_mixin.py:188} INFO - [2025-09-08T15:21:16.614+0000] {dagbag.py:538} INFO - Filling up the DagBag from /opt/airflow/dags/pipeline.py
[2025-09-08T15:21:16.703+0000] {processor.py:840} INFO - DAG(s) 'data_pipeline' retrieved from /opt/airflow/dags/pipeline.py
[2025-09-08T15:21:16.791+0000] {logging_mixin.py:188} INFO - [2025-09-08T15:21:16.791+0000] {dag.py:3033} INFO - Sync 1 DAGs
[2025-09-08T15:21:16.877+0000] {logging_mixin.py:188} INFO - [2025-09-08T15:21:16.876+0000] {dag.py:3820} INFO - Setting next_dagrun for data_pipeline to 2025-09-08T00:00:00+00:00, run_after=2025-09-09T00:00:00+00:00
[2025-09-08T15:21:16.938+0000] {processor.py:183} INFO - Processing /opt/airflow/dags/pipeline.py took 0.360 seconds
[2025-09-08T15:21:47.480+0000] {processor.py:161} INFO - Started process (PID=54) to work on /opt/airflow/dags/pipeline.py
[2025-09-08T15:21:47.483+0000] {processor.py:830} INFO - Processing file /opt/airflow/dags/pipeline.py for tasks to queue
[2025-09-08T15:21:47.494+0000] {logging_mixin.py:188} INFO - [2025-09-08T15:21:47.493+0000] {dagbag.py:538} INFO - Filling up the DagBag from /opt/airflow/dags/pipeline.py
[2025-09-08T15:21:47.562+0000] {processor.py:840} INFO - DAG(s) 'data_pipeline' retrieved from /opt/airflow/dags/pipeline.py
[2025-09-08T15:21:47.683+0000] {logging_mixin.py:188} INFO - [2025-09-08T15:21:47.681+0000] {dag.py:3033} INFO - Sync 1 DAGs
[2025-09-08T15:21:47.742+0000] {logging_mixin.py:188} INFO - [2025-09-08T15:21:47.742+0000] {dag.py:3820} INFO - Setting next_dagrun for data_pipeline to 2025-09-08T00:00:00+00:00, run_after=2025-09-09T00:00:00+00:00
[2025-09-08T15:21:47.785+0000] {processor.py:183} INFO - Processing /opt/airflow/dags/pipeline.py took 0.313 seconds
[2025-09-08T15:22:18.222+0000] {processor.py:161} INFO - Started process (PID=55) to work on /opt/airflow/dags/pipeline.py
[2025-09-08T15:22:18.224+0000] {processor.py:830} INFO - Processing file /opt/airflow/dags/pipeline.py for tasks to queue
[2025-09-08T15:22:18.229+0000] {logging_mixin.py:188} INFO - [2025-09-08T15:22:18.229+0000] {dagbag.py:538} INFO - Filling up the DagBag from /opt/airflow/dags/pipeline.py
[2025-09-08T15:22:18.267+0000] {logging_mixin.py:188} INFO - [2025-09-08T15:22:18.239+0000] {dagbag.py:348} ERROR - Failed to import: /opt/airflow/dags/pipeline.py
Traceback (most recent call last):
  File "/home/airflow/.local/lib/python3.8/site-packages/airflow/models/dagbag.py", line 344, in parse
    loader.exec_module(new_module)
  File "<frozen importlib._bootstrap_external>", line 839, in exec_module
  File "<frozen importlib._bootstrap_external>", line 976, in get_code
  File "<frozen importlib._bootstrap_external>", line 906, in source_to_code
  File "<frozen importlib._bootstrap>", line 219, in _call_with_frames_removed
  File "/opt/airflow/dags/pipeline.py", line 25
    pipeline_start = DummyOperator(task_id="pipeline_s
                                                     ^
SyntaxError: EOL while scanning string literal
[2025-09-08T15:22:18.269+0000] {processor.py:842} WARNING - No viable dags retrieved from /opt/airflow/dags/pipeline.py
[2025-09-08T15:22:18.374+0000] {processor.py:183} INFO - Processing /opt/airflow/dags/pipeline.py took 0.167 seconds
[2025-09-08T15:22:48.556+0000] {processor.py:161} INFO - Started process (PID=56) to work on /opt/airflow/dags/pipeline.py
[2025-09-08T15:22:48.558+0000] {processor.py:830} INFO - Processing file /opt/airflow/dags/pipeline.py for tasks to queue
[2025-09-08T15:22:48.562+0000] {logging_mixin.py:188} INFO - [2025-09-08T15:22:48.562+0000] {dagbag.py:538} INFO - Filling up the DagBag from /opt/airflow/dags/pipeline.py
[2025-09-08T15:22:48.569+0000] {logging_mixin.py:188} INFO - [2025-09-08T15:22:48.568+0000] {dagbag.py:348} ERROR - Failed to import: /opt/airflow/dags/pipeline.py
Traceback (most recent call last):
  File "/home/airflow/.local/lib/python3.8/site-packages/airflow/models/dagbag.py", line 344, in parse
    loader.exec_module(new_module)
  File "<frozen importlib._bootstrap_external>", line 839, in exec_module
  File "<frozen importlib._bootstrap_external>", line 976, in get_code
  File "<frozen importlib._bootstrap_external>", line 906, in source_to_code
  File "<frozen importlib._bootstrap>", line 219, in _call_with_frames_removed
  File "/opt/airflow/dags/pipeline.py", line 27
    task_
        ^
SyntaxError: unexpected EOF while parsing
[2025-09-08T15:22:48.570+0000] {processor.py:842} WARNING - No viable dags retrieved from /opt/airflow/dags/pipeline.py
[2025-09-08T15:22:48.622+0000] {processor.py:183} INFO - Processing /opt/airflow/dags/pipeline.py took 0.077 seconds
[2025-09-08T15:23:19.309+0000] {processor.py:161} INFO - Started process (PID=57) to work on /opt/airflow/dags/pipeline.py
[2025-09-08T15:23:19.312+0000] {processor.py:830} INFO - Processing file /opt/airflow/dags/pipeline.py for tasks to queue
[2025-09-08T15:23:19.315+0000] {logging_mixin.py:188} INFO - [2025-09-08T15:23:19.314+0000] {dagbag.py:538} INFO - Filling up the DagBag from /opt/airflow/dags/pipeline.py
[2025-09-08T15:23:19.366+0000] {logging_mixin.py:188} INFO - [2025-09-08T15:23:19.364+0000] {dagbag.py:348} ERROR - Failed to import: /opt/airflow/dags/pipeline.py
Traceback (most recent call last):
  File "/home/airflow/.local/lib/python3.8/site-packages/airflow/models/dagbag.py", line 344, in parse
    loader.exec_module(new_module)
  File "<frozen importlib._bootstrap_external>", line 843, in exec_module
  File "<frozen importlib._bootstrap>", line 219, in _call_with_frames_removed
  File "/opt/airflow/dags/pipeline.py", line 29, in <module>
    bronze_in
NameError: name 'bronze_in' is not defined
[2025-09-08T15:23:19.367+0000] {processor.py:842} WARNING - No viable dags retrieved from /opt/airflow/dags/pipeline.py
[2025-09-08T15:23:19.450+0000] {processor.py:183} INFO - Processing /opt/airflow/dags/pipeline.py took 0.162 seconds
[2025-09-08T15:23:49.815+0000] {processor.py:161} INFO - Started process (PID=58) to work on /opt/airflow/dags/pipeline.py
[2025-09-08T15:23:49.819+0000] {processor.py:830} INFO - Processing file /opt/airflow/dags/pipeline.py for tasks to queue
[2025-09-08T15:23:49.822+0000] {logging_mixin.py:188} INFO - [2025-09-08T15:23:49.821+0000] {dagbag.py:538} INFO - Filling up the DagBag from /opt/airflow/dags/pipeline.py
[2025-09-08T15:23:49.858+0000] {logging_mixin.py:188} INFO - [2025-09-08T15:23:49.855+0000] {dagbag.py:348} ERROR - Failed to import: /opt/airflow/dags/pipeline.py
Traceback (most recent call last):
  File "/home/airflow/.local/lib/python3.8/site-packages/airflow/models/dagbag.py", line 344, in parse
    loader.exec_module(new_module)
  File "<frozen importlib._bootstrap_external>", line 843, in exec_module
  File "<frozen importlib._bootstrap>", line 219, in _call_with_frames_removed
  File "/opt/airflow/dags/pipeline.py", line 29, in <module>
    bronze_in
NameError: name 'bronze_in' is not defined
[2025-09-08T15:23:49.858+0000] {processor.py:842} WARNING - No viable dags retrieved from /opt/airflow/dags/pipeline.py
[2025-09-08T15:23:49.892+0000] {processor.py:183} INFO - Processing /opt/airflow/dags/pipeline.py took 0.086 seconds
[2025-09-08T15:24:20.175+0000] {processor.py:161} INFO - Started process (PID=59) to work on /opt/airflow/dags/pipeline.py
[2025-09-08T15:24:20.178+0000] {processor.py:830} INFO - Processing file /opt/airflow/dags/pipeline.py for tasks to queue
[2025-09-08T15:24:20.181+0000] {logging_mixin.py:188} INFO - [2025-09-08T15:24:20.180+0000] {dagbag.py:538} INFO - Filling up the DagBag from /opt/airflow/dags/pipeline.py
[2025-09-08T15:24:20.211+0000] {logging_mixin.py:188} INFO - [2025-09-08T15:24:20.209+0000] {dagbag.py:348} ERROR - Failed to import: /opt/airflow/dags/pipeline.py
Traceback (most recent call last):
  File "/home/airflow/.local/lib/python3.8/site-packages/airflow/models/dagbag.py", line 344, in parse
    loader.exec_module(new_module)
  File "<frozen importlib._bootstrap_external>", line 843, in exec_module
  File "<frozen importlib._bootstrap>", line 219, in _call_with_frames_removed
  File "/opt/airflow/dags/pipeline.py", line 29, in <module>
    bronze_in
NameError: name 'bronze_in' is not defined
[2025-09-08T15:24:20.212+0000] {processor.py:842} WARNING - No viable dags retrieved from /opt/airflow/dags/pipeline.py
[2025-09-08T15:24:20.260+0000] {processor.py:183} INFO - Processing /opt/airflow/dags/pipeline.py took 0.093 seconds
[2025-09-08T15:24:50.538+0000] {processor.py:161} INFO - Started process (PID=60) to work on /opt/airflow/dags/pipeline.py
[2025-09-08T15:24:50.540+0000] {processor.py:830} INFO - Processing file /opt/airflow/dags/pipeline.py for tasks to queue
[2025-09-08T15:24:50.542+0000] {logging_mixin.py:188} INFO - [2025-09-08T15:24:50.542+0000] {dagbag.py:538} INFO - Filling up the DagBag from /opt/airflow/dags/pipeline.py
[2025-09-08T15:24:50.567+0000] {logging_mixin.py:188} INFO - [2025-09-08T15:24:50.564+0000] {dagbag.py:348} ERROR - Failed to import: /opt/airflow/dags/pipeline.py
Traceback (most recent call last):
  File "/home/airflow/.local/lib/python3.8/site-packages/airflow/models/dagbag.py", line 344, in parse
    loader.exec_module(new_module)
  File "<frozen importlib._bootstrap_external>", line 843, in exec_module
  File "<frozen importlib._bootstrap>", line 219, in _call_with_frames_removed
  File "/opt/airflow/dags/pipeline.py", line 29, in <module>
    bronze_in
NameError: name 'bronze_in' is not defined
[2025-09-08T15:24:50.568+0000] {processor.py:842} WARNING - No viable dags retrieved from /opt/airflow/dags/pipeline.py
[2025-09-08T15:24:50.623+0000] {processor.py:183} INFO - Processing /opt/airflow/dags/pipeline.py took 0.092 seconds
[2025-09-08T15:25:20.941+0000] {processor.py:161} INFO - Started process (PID=61) to work on /opt/airflow/dags/pipeline.py
[2025-09-08T15:25:20.943+0000] {processor.py:830} INFO - Processing file /opt/airflow/dags/pipeline.py for tasks to queue
[2025-09-08T15:25:20.945+0000] {logging_mixin.py:188} INFO - [2025-09-08T15:25:20.944+0000] {dagbag.py:538} INFO - Filling up the DagBag from /opt/airflow/dags/pipeline.py
[2025-09-08T15:25:20.974+0000] {logging_mixin.py:188} INFO - [2025-09-08T15:25:20.971+0000] {dagbag.py:348} ERROR - Failed to import: /opt/airflow/dags/pipeline.py
Traceback (most recent call last):
  File "/home/airflow/.local/lib/python3.8/site-packages/airflow/models/dagbag.py", line 344, in parse
    loader.exec_module(new_module)
  File "<frozen importlib._bootstrap_external>", line 843, in exec_module
  File "<frozen importlib._bootstrap>", line 219, in _call_with_frames_removed
  File "/opt/airflow/dags/pipeline.py", line 29, in <module>
    bronze_in
NameError: name 'bronze_in' is not defined
[2025-09-08T15:25:20.975+0000] {processor.py:842} WARNING - No viable dags retrieved from /opt/airflow/dags/pipeline.py
[2025-09-08T15:25:21.009+0000] {processor.py:183} INFO - Processing /opt/airflow/dags/pipeline.py took 0.077 seconds
[2025-09-08T15:25:51.592+0000] {processor.py:161} INFO - Started process (PID=62) to work on /opt/airflow/dags/pipeline.py
[2025-09-08T15:25:51.600+0000] {processor.py:830} INFO - Processing file /opt/airflow/dags/pipeline.py for tasks to queue
[2025-09-08T15:25:51.604+0000] {logging_mixin.py:188} INFO - [2025-09-08T15:25:51.603+0000] {dagbag.py:538} INFO - Filling up the DagBag from /opt/airflow/dags/pipeline.py
[2025-09-08T15:25:51.693+0000] {logging_mixin.py:188} INFO - [2025-09-08T15:25:51.689+0000] {dagbag.py:348} ERROR - Failed to import: /opt/airflow/dags/pipeline.py
Traceback (most recent call last):
  File "/home/airflow/.local/lib/python3.8/site-packages/airflow/models/dagbag.py", line 344, in parse
    loader.exec_module(new_module)
  File "<frozen importlib._bootstrap_external>", line 843, in exec_module
  File "<frozen importlib._bootstrap>", line 219, in _call_with_frames_removed
  File "/opt/airflow/dags/pipeline.py", line 29, in <module>
    bronze_in
NameError: name 'bronze_in' is not defined
[2025-09-08T15:25:51.695+0000] {processor.py:842} WARNING - No viable dags retrieved from /opt/airflow/dags/pipeline.py
[2025-09-08T15:25:51.852+0000] {processor.py:183} INFO - Processing /opt/airflow/dags/pipeline.py took 0.279 seconds
[2025-09-08T15:26:21.997+0000] {processor.py:161} INFO - Started process (PID=63) to work on /opt/airflow/dags/pipeline.py
[2025-09-08T15:26:21.999+0000] {processor.py:830} INFO - Processing file /opt/airflow/dags/pipeline.py for tasks to queue
[2025-09-08T15:26:22.001+0000] {logging_mixin.py:188} INFO - [2025-09-08T15:26:22.000+0000] {dagbag.py:538} INFO - Filling up the DagBag from /opt/airflow/dags/pipeline.py
[2025-09-08T15:26:22.026+0000] {logging_mixin.py:188} INFO - [2025-09-08T15:26:22.024+0000] {dagbag.py:348} ERROR - Failed to import: /opt/airflow/dags/pipeline.py
Traceback (most recent call last):
  File "/home/airflow/.local/lib/python3.8/site-packages/airflow/models/dagbag.py", line 344, in parse
    loader.exec_module(new_module)
  File "<frozen importlib._bootstrap_external>", line 843, in exec_module
  File "<frozen importlib._bootstrap>", line 219, in _call_with_frames_removed
  File "/opt/airflow/dags/pipeline.py", line 29, in <module>
    bronze_in
NameError: name 'bronze_in' is not defined
[2025-09-08T15:26:22.027+0000] {processor.py:842} WARNING - No viable dags retrieved from /opt/airflow/dags/pipeline.py
[2025-09-08T15:26:22.058+0000] {processor.py:183} INFO - Processing /opt/airflow/dags/pipeline.py took 0.075 seconds
[2025-09-08T15:26:52.369+0000] {processor.py:161} INFO - Started process (PID=64) to work on /opt/airflow/dags/pipeline.py
[2025-09-08T15:26:52.370+0000] {processor.py:830} INFO - Processing file /opt/airflow/dags/pipeline.py for tasks to queue
[2025-09-08T15:26:52.373+0000] {logging_mixin.py:188} INFO - [2025-09-08T15:26:52.372+0000] {dagbag.py:538} INFO - Filling up the DagBag from /opt/airflow/dags/pipeline.py
[2025-09-08T15:26:52.386+0000] {logging_mixin.py:188} INFO - [2025-09-08T15:26:52.383+0000] {dagbag.py:348} ERROR - Failed to import: /opt/airflow/dags/pipeline.py
Traceback (most recent call last):
  File "/home/airflow/.local/lib/python3.8/site-packages/airflow/models/dagbag.py", line 344, in parse
    loader.exec_module(new_module)
  File "<frozen importlib._bootstrap_external>", line 839, in exec_module
  File "<frozen importlib._bootstrap_external>", line 976, in get_code
  File "<frozen importlib._bootstrap_external>", line 906, in source_to_code
  File "<frozen importlib._bootstrap>", line 219, in _call_with_frames_removed
  File "/opt/airflow/dags/pipeline.py", line 32
    )
    ^
SyntaxError: invalid syntax
[2025-09-08T15:26:52.387+0000] {processor.py:842} WARNING - No viable dags retrieved from /opt/airflow/dags/pipeline.py
[2025-09-08T15:26:52.444+0000] {processor.py:183} INFO - Processing /opt/airflow/dags/pipeline.py took 0.082 seconds
[2025-09-08T15:27:22.949+0000] {processor.py:161} INFO - Started process (PID=65) to work on /opt/airflow/dags/pipeline.py
[2025-09-08T15:27:22.952+0000] {processor.py:830} INFO - Processing file /opt/airflow/dags/pipeline.py for tasks to queue
[2025-09-08T15:27:22.954+0000] {logging_mixin.py:188} INFO - [2025-09-08T15:27:22.953+0000] {dagbag.py:538} INFO - Filling up the DagBag from /opt/airflow/dags/pipeline.py
[2025-09-08T15:27:22.968+0000] {logging_mixin.py:188} INFO - [2025-09-08T15:27:22.967+0000] {dagbag.py:348} ERROR - Failed to import: /opt/airflow/dags/pipeline.py
Traceback (most recent call last):
  File "/home/airflow/.local/lib/python3.8/site-packages/airflow/models/dagbag.py", line 344, in parse
    loader.exec_module(new_module)
  File "<frozen importlib._bootstrap_external>", line 839, in exec_module
  File "<frozen importlib._bootstrap_external>", line 976, in get_code
  File "<frozen importlib._bootstrap_external>", line 906, in source_to_code
  File "<frozen importlib._bootstrap>", line 219, in _call_with_frames_removed
  File "/opt/airflow/dags/pipeline.py", line 32
    )
    ^
SyntaxError: invalid syntax
[2025-09-08T15:27:22.969+0000] {processor.py:842} WARNING - No viable dags retrieved from /opt/airflow/dags/pipeline.py
[2025-09-08T15:27:23.015+0000] {processor.py:183} INFO - Processing /opt/airflow/dags/pipeline.py took 0.077 seconds
[2025-09-08T15:27:53.356+0000] {processor.py:161} INFO - Started process (PID=66) to work on /opt/airflow/dags/pipeline.py
[2025-09-08T15:27:53.360+0000] {processor.py:830} INFO - Processing file /opt/airflow/dags/pipeline.py for tasks to queue
[2025-09-08T15:27:53.366+0000] {logging_mixin.py:188} INFO - [2025-09-08T15:27:53.365+0000] {dagbag.py:538} INFO - Filling up the DagBag from /opt/airflow/dags/pipeline.py
[2025-09-08T15:27:53.395+0000] {logging_mixin.py:188} INFO - [2025-09-08T15:27:53.392+0000] {dagbag.py:348} ERROR - Failed to import: /opt/airflow/dags/pipeline.py
Traceback (most recent call last):
  File "/home/airflow/.local/lib/python3.8/site-packages/airflow/models/dagbag.py", line 344, in parse
    loader.exec_module(new_module)
  File "<frozen importlib._bootstrap_external>", line 839, in exec_module
  File "<frozen importlib._bootstrap_external>", line 976, in get_code
  File "<frozen importlib._bootstrap_external>", line 906, in source_to_code
  File "<frozen importlib._bootstrap>", line 219, in _call_with_frames_removed
  File "/opt/airflow/dags/pipeline.py", line 32
    )
    ^
SyntaxError: invalid syntax
[2025-09-08T15:27:53.400+0000] {processor.py:842} WARNING - No viable dags retrieved from /opt/airflow/dags/pipeline.py
[2025-09-08T15:27:53.764+0000] {processor.py:183} INFO - Processing /opt/airflow/dags/pipeline.py took 0.424 seconds
[2025-09-08T15:28:24.217+0000] {processor.py:161} INFO - Started process (PID=67) to work on /opt/airflow/dags/pipeline.py
[2025-09-08T15:28:24.220+0000] {processor.py:830} INFO - Processing file /opt/airflow/dags/pipeline.py for tasks to queue
[2025-09-08T15:28:24.222+0000] {logging_mixin.py:188} INFO - [2025-09-08T15:28:24.221+0000] {dagbag.py:538} INFO - Filling up the DagBag from /opt/airflow/dags/pipeline.py
[2025-09-08T15:28:24.234+0000] {logging_mixin.py:188} INFO - [2025-09-08T15:28:24.232+0000] {dagbag.py:348} ERROR - Failed to import: /opt/airflow/dags/pipeline.py
Traceback (most recent call last):
  File "/home/airflow/.local/lib/python3.8/site-packages/airflow/models/dagbag.py", line 344, in parse
    loader.exec_module(new_module)
  File "<frozen importlib._bootstrap_external>", line 839, in exec_module
  File "<frozen importlib._bootstrap_external>", line 976, in get_code
  File "<frozen importlib._bootstrap_external>", line 906, in source_to_code
  File "<frozen importlib._bootstrap>", line 219, in _call_with_frames_removed
  File "/opt/airflow/dags/pipeline.py", line 34
    )
    ^
SyntaxError: invalid syntax
[2025-09-08T15:28:24.235+0000] {processor.py:842} WARNING - No viable dags retrieved from /opt/airflow/dags/pipeline.py
[2025-09-08T15:28:24.294+0000] {processor.py:183} INFO - Processing /opt/airflow/dags/pipeline.py took 0.087 seconds
[2025-09-08T15:28:54.871+0000] {processor.py:161} INFO - Started process (PID=68) to work on /opt/airflow/dags/pipeline.py
[2025-09-08T15:28:54.875+0000] {processor.py:830} INFO - Processing file /opt/airflow/dags/pipeline.py for tasks to queue
[2025-09-08T15:28:54.881+0000] {logging_mixin.py:188} INFO - [2025-09-08T15:28:54.879+0000] {dagbag.py:538} INFO - Filling up the DagBag from /opt/airflow/dags/pipeline.py
[2025-09-08T15:28:54.915+0000] {logging_mixin.py:188} INFO - [2025-09-08T15:28:54.911+0000] {dagbag.py:348} ERROR - Failed to import: /opt/airflow/dags/pipeline.py
Traceback (most recent call last):
  File "/home/airflow/.local/lib/python3.8/site-packages/airflow/models/dagbag.py", line 344, in parse
    loader.exec_module(new_module)
  File "<frozen importlib._bootstrap_external>", line 839, in exec_module
  File "<frozen importlib._bootstrap_external>", line 976, in get_code
  File "<frozen importlib._bootstrap_external>", line 906, in source_to_code
  File "<frozen importlib._bootstrap>", line 219, in _call_with_frames_removed
  File "/opt/airflow/dags/pipeline.py", line 34
    )
    ^
SyntaxError: invalid syntax
[2025-09-08T15:28:54.917+0000] {processor.py:842} WARNING - No viable dags retrieved from /opt/airflow/dags/pipeline.py
[2025-09-08T15:28:55.059+0000] {processor.py:183} INFO - Processing /opt/airflow/dags/pipeline.py took 0.403 seconds
[2025-09-08T15:29:25.131+0000] {processor.py:161} INFO - Started process (PID=69) to work on /opt/airflow/dags/pipeline.py
[2025-09-08T15:29:25.134+0000] {processor.py:830} INFO - Processing file /opt/airflow/dags/pipeline.py for tasks to queue
[2025-09-08T15:29:25.136+0000] {logging_mixin.py:188} INFO - [2025-09-08T15:29:25.135+0000] {dagbag.py:538} INFO - Filling up the DagBag from /opt/airflow/dags/pipeline.py
[2025-09-08T15:29:25.143+0000] {logging_mixin.py:188} INFO - [2025-09-08T15:29:25.142+0000] {dagbag.py:348} ERROR - Failed to import: /opt/airflow/dags/pipeline.py
Traceback (most recent call last):
  File "/home/airflow/.local/lib/python3.8/site-packages/airflow/models/dagbag.py", line 344, in parse
    loader.exec_module(new_module)
  File "<frozen importlib._bootstrap_external>", line 839, in exec_module
  File "<frozen importlib._bootstrap_external>", line 976, in get_code
  File "<frozen importlib._bootstrap_external>", line 906, in source_to_code
  File "<frozen importlib._bootstrap>", line 219, in _call_with_frames_removed
  File "/opt/airflow/dags/pipeline.py", line 10
    from i
         ^
SyntaxError: invalid syntax
[2025-09-08T15:29:25.143+0000] {processor.py:842} WARNING - No viable dags retrieved from /opt/airflow/dags/pipeline.py
[2025-09-08T15:29:25.235+0000] {processor.py:183} INFO - Processing /opt/airflow/dags/pipeline.py took 0.108 seconds
[2025-09-08T15:29:55.508+0000] {processor.py:161} INFO - Started process (PID=70) to work on /opt/airflow/dags/pipeline.py
[2025-09-08T15:29:55.510+0000] {processor.py:830} INFO - Processing file /opt/airflow/dags/pipeline.py for tasks to queue
[2025-09-08T15:29:55.512+0000] {logging_mixin.py:188} INFO - [2025-09-08T15:29:55.511+0000] {dagbag.py:538} INFO - Filling up the DagBag from /opt/airflow/dags/pipeline.py
[2025-09-08T15:29:55.524+0000] {logging_mixin.py:188} INFO - [2025-09-08T15:29:55.521+0000] {dagbag.py:348} ERROR - Failed to import: /opt/airflow/dags/pipeline.py
Traceback (most recent call last):
  File "/home/airflow/.local/lib/python3.8/site-packages/airflow/models/dagbag.py", line 344, in parse
    loader.exec_module(new_module)
  File "<frozen importlib._bootstrap_external>", line 839, in exec_module
  File "<frozen importlib._bootstrap_external>", line 976, in get_code
  File "<frozen importlib._bootstrap_external>", line 906, in source_to_code
  File "<frozen importlib._bootstrap>", line 219, in _call_with_frames_removed
  File "/opt/airflow/dags/pipeline.py", line 36
    task_id = "b
               ^
SyntaxError: EOL while scanning string literal
[2025-09-08T15:29:55.525+0000] {processor.py:842} WARNING - No viable dags retrieved from /opt/airflow/dags/pipeline.py
[2025-09-08T15:29:55.585+0000] {processor.py:183} INFO - Processing /opt/airflow/dags/pipeline.py took 0.083 seconds
[2025-09-08T15:30:25.978+0000] {processor.py:161} INFO - Started process (PID=71) to work on /opt/airflow/dags/pipeline.py
[2025-09-08T15:30:25.981+0000] {processor.py:830} INFO - Processing file /opt/airflow/dags/pipeline.py for tasks to queue
[2025-09-08T15:30:25.983+0000] {logging_mixin.py:188} INFO - [2025-09-08T15:30:25.983+0000] {dagbag.py:538} INFO - Filling up the DagBag from /opt/airflow/dags/pipeline.py
[2025-09-08T15:30:26.001+0000] {logging_mixin.py:188} INFO - [2025-09-08T15:30:25.999+0000] {dagbag.py:348} ERROR - Failed to import: /opt/airflow/dags/pipeline.py
Traceback (most recent call last):
  File "/home/airflow/.local/lib/python3.8/site-packages/airflow/models/dagbag.py", line 344, in parse
    loader.exec_module(new_module)
  File "<frozen importlib._bootstrap_external>", line 839, in exec_module
  File "<frozen importlib._bootstrap_external>", line 976, in get_code
  File "<frozen importlib._bootstrap_external>", line 906, in source_to_code
  File "<frozen importlib._bootstrap>", line 219, in _call_with_frames_removed
  File "/opt/airflow/dags/pipeline.py", line 37
    
    ^
SyntaxError: unexpected EOF while parsing
[2025-09-08T15:30:26.003+0000] {processor.py:842} WARNING - No viable dags retrieved from /opt/airflow/dags/pipeline.py
[2025-09-08T15:30:26.107+0000] {processor.py:183} INFO - Processing /opt/airflow/dags/pipeline.py took 0.137 seconds
[2025-09-08T15:30:56.391+0000] {processor.py:161} INFO - Started process (PID=72) to work on /opt/airflow/dags/pipeline.py
[2025-09-08T15:30:56.394+0000] {processor.py:830} INFO - Processing file /opt/airflow/dags/pipeline.py for tasks to queue
[2025-09-08T15:30:56.396+0000] {logging_mixin.py:188} INFO - [2025-09-08T15:30:56.395+0000] {dagbag.py:538} INFO - Filling up the DagBag from /opt/airflow/dags/pipeline.py
[2025-09-08T15:30:56.404+0000] {logging_mixin.py:188} INFO - [2025-09-08T15:30:56.403+0000] {dagbag.py:348} ERROR - Failed to import: /opt/airflow/dags/pipeline.py
Traceback (most recent call last):
  File "/home/airflow/.local/lib/python3.8/site-packages/airflow/models/dagbag.py", line 344, in parse
    loader.exec_module(new_module)
  File "<frozen importlib._bootstrap_external>", line 839, in exec_module
  File "<frozen importlib._bootstrap_external>", line 976, in get_code
  File "<frozen importlib._bootstrap_external>", line 906, in source_to_code
  File "<frozen importlib._bootstrap>", line 219, in _call_with_frames_removed
  File "/opt/airflow/dags/pipeline.py", line 37
    
    ^
SyntaxError: unexpected EOF while parsing
[2025-09-08T15:30:56.405+0000] {processor.py:842} WARNING - No viable dags retrieved from /opt/airflow/dags/pipeline.py
[2025-09-08T15:30:56.488+0000] {processor.py:183} INFO - Processing /opt/airflow/dags/pipeline.py took 0.105 seconds
[2025-09-08T15:31:26.791+0000] {processor.py:161} INFO - Started process (PID=73) to work on /opt/airflow/dags/pipeline.py
[2025-09-08T15:31:26.794+0000] {processor.py:830} INFO - Processing file /opt/airflow/dags/pipeline.py for tasks to queue
[2025-09-08T15:31:26.796+0000] {logging_mixin.py:188} INFO - [2025-09-08T15:31:26.795+0000] {dagbag.py:538} INFO - Filling up the DagBag from /opt/airflow/dags/pipeline.py
[2025-09-08T15:31:26.811+0000] {logging_mixin.py:188} INFO - [2025-09-08T15:31:26.810+0000] {dagbag.py:348} ERROR - Failed to import: /opt/airflow/dags/pipeline.py
Traceback (most recent call last):
  File "/home/airflow/.local/lib/python3.8/site-packages/airflow/models/dagbag.py", line 344, in parse
    loader.exec_module(new_module)
  File "<frozen importlib._bootstrap_external>", line 839, in exec_module
  File "<frozen importlib._bootstrap_external>", line 976, in get_code
  File "<frozen importlib._bootstrap_external>", line 906, in source_to_code
  File "<frozen importlib._bootstrap>", line 219, in _call_with_frames_removed
  File "/opt/airflow/dags/pipeline.py", line 37
    
    ^
SyntaxError: unexpected EOF while parsing
[2025-09-08T15:31:26.811+0000] {processor.py:842} WARNING - No viable dags retrieved from /opt/airflow/dags/pipeline.py
[2025-09-08T15:31:26.864+0000] {processor.py:183} INFO - Processing /opt/airflow/dags/pipeline.py took 0.089 seconds
[2025-09-08T15:31:57.427+0000] {processor.py:161} INFO - Started process (PID=74) to work on /opt/airflow/dags/pipeline.py
[2025-09-08T15:31:57.429+0000] {processor.py:830} INFO - Processing file /opt/airflow/dags/pipeline.py for tasks to queue
[2025-09-08T15:31:57.432+0000] {logging_mixin.py:188} INFO - [2025-09-08T15:31:57.431+0000] {dagbag.py:538} INFO - Filling up the DagBag from /opt/airflow/dags/pipeline.py
[2025-09-08T15:31:57.540+0000] {logging_mixin.py:188} INFO - [2025-09-08T15:31:57.528+0000] {dagbag.py:348} ERROR - Failed to import: /opt/airflow/dags/pipeline.py
Traceback (most recent call last):
  File "/home/airflow/.local/lib/python3.8/site-packages/airflow/models/dagbag.py", line 344, in parse
    loader.exec_module(new_module)
  File "<frozen importlib._bootstrap_external>", line 843, in exec_module
  File "<frozen importlib._bootstrap>", line 219, in _call_with_frames_removed
  File "/opt/airflow/dags/pipeline.py", line 10, in <module>
    from pipeline.bronze_orders import bronze_ingestion
  File "/opt/airflow/dags/pipeline.py", line 10, in <module>
    from pipeline.bronze_orders import bronze_ingestion
ModuleNotFoundError: No module named 'pipeline.bronze_orders'; 'pipeline' is not a package
[2025-09-08T15:31:57.545+0000] {processor.py:842} WARNING - No viable dags retrieved from /opt/airflow/dags/pipeline.py
[2025-09-08T15:31:57.684+0000] {processor.py:183} INFO - Processing /opt/airflow/dags/pipeline.py took 0.270 seconds
[2025-09-08T15:32:27.846+0000] {processor.py:161} INFO - Started process (PID=75) to work on /opt/airflow/dags/pipeline.py
[2025-09-08T15:32:27.849+0000] {processor.py:830} INFO - Processing file /opt/airflow/dags/pipeline.py for tasks to queue
[2025-09-08T15:32:27.851+0000] {logging_mixin.py:188} INFO - [2025-09-08T15:32:27.851+0000] {dagbag.py:538} INFO - Filling up the DagBag from /opt/airflow/dags/pipeline.py
[2025-09-08T15:32:27.881+0000] {logging_mixin.py:188} INFO - [2025-09-08T15:32:27.878+0000] {dagbag.py:348} ERROR - Failed to import: /opt/airflow/dags/pipeline.py
Traceback (most recent call last):
  File "/home/airflow/.local/lib/python3.8/site-packages/airflow/models/dagbag.py", line 344, in parse
    loader.exec_module(new_module)
  File "<frozen importlib._bootstrap_external>", line 843, in exec_module
  File "<frozen importlib._bootstrap>", line 219, in _call_with_frames_removed
  File "/opt/airflow/dags/pipeline.py", line 10, in <module>
    from pipeline.bronze_orders import bronze_ingestion
  File "/opt/airflow/dags/pipeline.py", line 10, in <module>
    from pipeline.bronze_orders import bronze_ingestion
ModuleNotFoundError: No module named 'pipeline.bronze_orders'; 'pipeline' is not a package
[2025-09-08T15:32:27.882+0000] {processor.py:842} WARNING - No viable dags retrieved from /opt/airflow/dags/pipeline.py
[2025-09-08T15:32:27.922+0000] {processor.py:183} INFO - Processing /opt/airflow/dags/pipeline.py took 0.086 seconds
[2025-09-08T15:32:58.489+0000] {processor.py:161} INFO - Started process (PID=76) to work on /opt/airflow/dags/pipeline.py
[2025-09-08T15:32:58.493+0000] {processor.py:830} INFO - Processing file /opt/airflow/dags/pipeline.py for tasks to queue
[2025-09-08T15:32:58.498+0000] {logging_mixin.py:188} INFO - [2025-09-08T15:32:58.496+0000] {dagbag.py:538} INFO - Filling up the DagBag from /opt/airflow/dags/pipeline.py
[2025-09-08T15:32:58.556+0000] {logging_mixin.py:188} INFO - [2025-09-08T15:32:58.545+0000] {dagbag.py:348} ERROR - Failed to import: /opt/airflow/dags/pipeline.py
Traceback (most recent call last):
  File "/home/airflow/.local/lib/python3.8/site-packages/airflow/models/dagbag.py", line 344, in parse
    loader.exec_module(new_module)
  File "<frozen importlib._bootstrap_external>", line 843, in exec_module
  File "<frozen importlib._bootstrap>", line 219, in _call_with_frames_removed
  File "/opt/airflow/dags/pipeline.py", line 10, in <module>
    from pipeline.bronze_orders import bronze_ingestion
  File "/opt/airflow/dags/pipeline.py", line 10, in <module>
    from pipeline.bronze_orders import bronze_ingestion
ModuleNotFoundError: No module named 'pipeline.bronze_orders'; 'pipeline' is not a package
[2025-09-08T15:32:58.558+0000] {processor.py:842} WARNING - No viable dags retrieved from /opt/airflow/dags/pipeline.py
[2025-09-08T15:32:58.703+0000] {processor.py:183} INFO - Processing /opt/airflow/dags/pipeline.py took 0.237 seconds
[2025-09-08T15:33:29.338+0000] {processor.py:161} INFO - Started process (PID=77) to work on /opt/airflow/dags/pipeline.py
[2025-09-08T15:33:29.342+0000] {processor.py:830} INFO - Processing file /opt/airflow/dags/pipeline.py for tasks to queue
[2025-09-08T15:33:29.345+0000] {logging_mixin.py:188} INFO - [2025-09-08T15:33:29.344+0000] {dagbag.py:538} INFO - Filling up the DagBag from /opt/airflow/dags/pipeline.py
[2025-09-08T15:33:29.362+0000] {logging_mixin.py:188} INFO - [2025-09-08T15:33:29.360+0000] {dagbag.py:348} ERROR - Failed to import: /opt/airflow/dags/pipeline.py
Traceback (most recent call last):
  File "/home/airflow/.local/lib/python3.8/site-packages/airflow/models/dagbag.py", line 344, in parse
    loader.exec_module(new_module)
  File "<frozen importlib._bootstrap_external>", line 843, in exec_module
  File "<frozen importlib._bootstrap>", line 219, in _call_with_frames_removed
  File "/opt/airflow/dags/pipeline.py", line 10, in <module>
    from pipeline.bronze_orders import bronze_ingestion
  File "/opt/airflow/dags/pipeline.py", line 10, in <module>
    from pipeline.bronze_orders import bronze_ingestion
ModuleNotFoundError: No module named 'pipeline.bronze_orders'; 'pipeline' is not a package
[2025-09-08T15:33:29.363+0000] {processor.py:842} WARNING - No viable dags retrieved from /opt/airflow/dags/pipeline.py
[2025-09-08T15:33:29.419+0000] {processor.py:183} INFO - Processing /opt/airflow/dags/pipeline.py took 0.089 seconds
[2025-09-08T15:33:59.988+0000] {processor.py:161} INFO - Started process (PID=78) to work on /opt/airflow/dags/pipeline.py
[2025-09-08T15:33:59.992+0000] {processor.py:830} INFO - Processing file /opt/airflow/dags/pipeline.py for tasks to queue
[2025-09-08T15:33:59.995+0000] {logging_mixin.py:188} INFO - [2025-09-08T15:33:59.995+0000] {dagbag.py:538} INFO - Filling up the DagBag from /opt/airflow/dags/pipeline.py
[2025-09-08T15:34:00.053+0000] {logging_mixin.py:188} INFO - [2025-09-08T15:34:00.049+0000] {dagbag.py:348} ERROR - Failed to import: /opt/airflow/dags/pipeline.py
Traceback (most recent call last):
  File "/home/airflow/.local/lib/python3.8/site-packages/airflow/models/dagbag.py", line 344, in parse
    loader.exec_module(new_module)
  File "<frozen importlib._bootstrap_external>", line 843, in exec_module
  File "<frozen importlib._bootstrap>", line 219, in _call_with_frames_removed
  File "/opt/airflow/dags/pipeline.py", line 10, in <module>
    from pipeline.bronze_orders import bronze_ingestion
  File "/opt/airflow/dags/pipeline.py", line 10, in <module>
    from pipeline.bronze_orders import bronze_ingestion
ModuleNotFoundError: No module named 'pipeline.bronze_orders'; 'pipeline' is not a package
[2025-09-08T15:34:00.054+0000] {processor.py:842} WARNING - No viable dags retrieved from /opt/airflow/dags/pipeline.py
[2025-09-08T15:34:00.118+0000] {processor.py:183} INFO - Processing /opt/airflow/dags/pipeline.py took 0.139 seconds
[2025-09-08T15:34:30.527+0000] {processor.py:161} INFO - Started process (PID=79) to work on /opt/airflow/dags/pipeline.py
[2025-09-08T15:34:30.533+0000] {processor.py:830} INFO - Processing file /opt/airflow/dags/pipeline.py for tasks to queue
[2025-09-08T15:34:30.537+0000] {logging_mixin.py:188} INFO - [2025-09-08T15:34:30.536+0000] {dagbag.py:538} INFO - Filling up the DagBag from /opt/airflow/dags/pipeline.py
[2025-09-08T15:34:30.576+0000] {logging_mixin.py:188} INFO - [2025-09-08T15:34:30.572+0000] {dagbag.py:348} ERROR - Failed to import: /opt/airflow/dags/pipeline.py
Traceback (most recent call last):
  File "/home/airflow/.local/lib/python3.8/site-packages/airflow/models/dagbag.py", line 344, in parse
    loader.exec_module(new_module)
  File "<frozen importlib._bootstrap_external>", line 843, in exec_module
  File "<frozen importlib._bootstrap>", line 219, in _call_with_frames_removed
  File "/opt/airflow/dags/pipeline.py", line 10, in <module>
    from pipeline.bronze_orders import bronze_ingestion
  File "/opt/airflow/dags/pipeline.py", line 10, in <module>
    from pipeline.bronze_orders import bronze_ingestion
ModuleNotFoundError: No module named 'pipeline.bronze_orders'; 'pipeline' is not a package
[2025-09-08T15:34:30.579+0000] {processor.py:842} WARNING - No viable dags retrieved from /opt/airflow/dags/pipeline.py
[2025-09-08T15:34:30.659+0000] {processor.py:183} INFO - Processing /opt/airflow/dags/pipeline.py took 0.186 seconds
[2025-09-08T23:37:02.627+0000] {processor.py:161} INFO - Started process (PID=26) to work on /opt/airflow/dags/pipeline.py
[2025-09-08T23:37:02.636+0000] {processor.py:830} INFO - Processing file /opt/airflow/dags/pipeline.py for tasks to queue
[2025-09-08T23:37:02.660+0000] {logging_mixin.py:188} INFO - [2025-09-08T23:37:02.657+0000] {dagbag.py:538} INFO - Filling up the DagBag from /opt/airflow/dags/pipeline.py
[2025-09-08T23:37:02.758+0000] {logging_mixin.py:188} INFO - [2025-09-08T23:37:02.744+0000] {dagbag.py:348} ERROR - Failed to import: /opt/airflow/dags/pipeline.py
Traceback (most recent call last):
  File "/home/airflow/.local/lib/python3.8/site-packages/airflow/models/dagbag.py", line 344, in parse
    loader.exec_module(new_module)
  File "<frozen importlib._bootstrap_external>", line 843, in exec_module
  File "<frozen importlib._bootstrap>", line 219, in _call_with_frames_removed
  File "/opt/airflow/dags/pipeline.py", line 10, in <module>
    from pipeline.bronze_orders import bronze_ingestion
  File "/opt/airflow/dags/pipeline.py", line 10, in <module>
    from pipeline.bronze_orders import bronze_ingestion
ModuleNotFoundError: No module named 'pipeline.bronze_orders'; 'pipeline' is not a package
[2025-09-08T23:37:02.765+0000] {processor.py:842} WARNING - No viable dags retrieved from /opt/airflow/dags/pipeline.py
[2025-09-08T23:37:02.991+0000] {processor.py:183} INFO - Processing /opt/airflow/dags/pipeline.py took 0.393 seconds
[2025-09-08T23:37:33.719+0000] {processor.py:161} INFO - Started process (PID=27) to work on /opt/airflow/dags/pipeline.py
[2025-09-08T23:37:33.725+0000] {processor.py:830} INFO - Processing file /opt/airflow/dags/pipeline.py for tasks to queue
[2025-09-08T23:37:33.741+0000] {logging_mixin.py:188} INFO - [2025-09-08T23:37:33.739+0000] {dagbag.py:538} INFO - Filling up the DagBag from /opt/airflow/dags/pipeline.py
[2025-09-08T23:37:33.820+0000] {logging_mixin.py:188} INFO - [2025-09-08T23:37:33.806+0000] {dagbag.py:348} ERROR - Failed to import: /opt/airflow/dags/pipeline.py
Traceback (most recent call last):
  File "/home/airflow/.local/lib/python3.8/site-packages/airflow/models/dagbag.py", line 344, in parse
    loader.exec_module(new_module)
  File "<frozen importlib._bootstrap_external>", line 843, in exec_module
  File "<frozen importlib._bootstrap>", line 219, in _call_with_frames_removed
  File "/opt/airflow/dags/pipeline.py", line 10, in <module>
    from pipeline.bronze_orders import bronze_ingestion
  File "/opt/airflow/dags/pipeline.py", line 10, in <module>
    from pipeline.bronze_orders import bronze_ingestion
ModuleNotFoundError: No module named 'pipeline.bronze_orders'; 'pipeline' is not a package
[2025-09-08T23:37:33.823+0000] {processor.py:842} WARNING - No viable dags retrieved from /opt/airflow/dags/pipeline.py
[2025-09-08T23:37:34.044+0000] {processor.py:183} INFO - Processing /opt/airflow/dags/pipeline.py took 0.362 seconds
[2025-09-08T23:38:04.341+0000] {processor.py:161} INFO - Started process (PID=28) to work on /opt/airflow/dags/pipeline.py
[2025-09-08T23:38:04.353+0000] {processor.py:830} INFO - Processing file /opt/airflow/dags/pipeline.py for tasks to queue
[2025-09-08T23:38:04.374+0000] {logging_mixin.py:188} INFO - [2025-09-08T23:38:04.372+0000] {dagbag.py:538} INFO - Filling up the DagBag from /opt/airflow/dags/pipeline.py
[2025-09-08T23:38:04.445+0000] {logging_mixin.py:188} INFO - [2025-09-08T23:38:04.430+0000] {dagbag.py:348} ERROR - Failed to import: /opt/airflow/dags/pipeline.py
Traceback (most recent call last):
  File "/home/airflow/.local/lib/python3.8/site-packages/airflow/models/dagbag.py", line 344, in parse
    loader.exec_module(new_module)
  File "<frozen importlib._bootstrap_external>", line 843, in exec_module
  File "<frozen importlib._bootstrap>", line 219, in _call_with_frames_removed
  File "/opt/airflow/dags/pipeline.py", line 10, in <module>
    from pipeline.bronze_orders import bronze_ingestion
  File "/opt/airflow/dags/pipeline.py", line 10, in <module>
    from pipeline.bronze_orders import bronze_ingestion
ModuleNotFoundError: No module named 'pipeline.bronze_orders'; 'pipeline' is not a package
[2025-09-08T23:38:04.449+0000] {processor.py:842} WARNING - No viable dags retrieved from /opt/airflow/dags/pipeline.py
[2025-09-08T23:38:04.656+0000] {processor.py:183} INFO - Processing /opt/airflow/dags/pipeline.py took 0.364 seconds
[2025-09-08T23:38:35.752+0000] {processor.py:161} INFO - Started process (PID=29) to work on /opt/airflow/dags/pipeline.py
[2025-09-08T23:38:35.792+0000] {processor.py:830} INFO - Processing file /opt/airflow/dags/pipeline.py for tasks to queue
[2025-09-08T23:38:36.294+0000] {logging_mixin.py:188} INFO - [2025-09-08T23:38:36.263+0000] {dagbag.py:538} INFO - Filling up the DagBag from /opt/airflow/dags/pipeline.py
[2025-09-08T23:38:36.684+0000] {logging_mixin.py:188} INFO - [2025-09-08T23:38:36.674+0000] {dagbag.py:348} ERROR - Failed to import: /opt/airflow/dags/pipeline.py
Traceback (most recent call last):
  File "/home/airflow/.local/lib/python3.8/site-packages/airflow/models/dagbag.py", line 344, in parse
    loader.exec_module(new_module)
  File "<frozen importlib._bootstrap_external>", line 843, in exec_module
  File "<frozen importlib._bootstrap>", line 219, in _call_with_frames_removed
  File "/opt/airflow/dags/pipeline.py", line 10, in <module>
    from pipeline.bronze_orders import bronze_ingestion
  File "/opt/airflow/dags/pipeline.py", line 10, in <module>
    from pipeline.bronze_orders import bronze_ingestion
ModuleNotFoundError: No module named 'pipeline.bronze_orders'; 'pipeline' is not a package
[2025-09-08T23:38:36.687+0000] {processor.py:842} WARNING - No viable dags retrieved from /opt/airflow/dags/pipeline.py
[2025-09-08T23:38:36.950+0000] {processor.py:183} INFO - Processing /opt/airflow/dags/pipeline.py took 1.240 seconds
[2025-09-08T23:39:07.266+0000] {processor.py:161} INFO - Started process (PID=30) to work on /opt/airflow/dags/pipeline.py
[2025-09-08T23:39:07.270+0000] {processor.py:830} INFO - Processing file /opt/airflow/dags/pipeline.py for tasks to queue
[2025-09-08T23:39:07.279+0000] {logging_mixin.py:188} INFO - [2025-09-08T23:39:07.278+0000] {dagbag.py:538} INFO - Filling up the DagBag from /opt/airflow/dags/pipeline.py
[2025-09-08T23:39:07.304+0000] {logging_mixin.py:188} INFO - [2025-09-08T23:39:07.300+0000] {dagbag.py:348} ERROR - Failed to import: /opt/airflow/dags/pipeline.py
Traceback (most recent call last):
  File "/home/airflow/.local/lib/python3.8/site-packages/airflow/models/dagbag.py", line 344, in parse
    loader.exec_module(new_module)
  File "<frozen importlib._bootstrap_external>", line 843, in exec_module
  File "<frozen importlib._bootstrap>", line 219, in _call_with_frames_removed
  File "/opt/airflow/dags/pipeline.py", line 10, in <module>
    from pipeline.bronze_orders import bronze_ingestion
  File "/opt/airflow/dags/pipeline.py", line 10, in <module>
    from pipeline.bronze_orders import bronze_ingestion
ModuleNotFoundError: No module named 'pipeline.bronze_orders'; 'pipeline' is not a package
[2025-09-08T23:39:07.305+0000] {processor.py:842} WARNING - No viable dags retrieved from /opt/airflow/dags/pipeline.py
[2025-09-08T23:39:07.391+0000] {processor.py:183} INFO - Processing /opt/airflow/dags/pipeline.py took 0.152 seconds
[2025-09-08T23:39:38.638+0000] {processor.py:161} INFO - Started process (PID=31) to work on /opt/airflow/dags/pipeline.py
[2025-09-08T23:39:38.667+0000] {processor.py:830} INFO - Processing file /opt/airflow/dags/pipeline.py for tasks to queue
[2025-09-08T23:39:38.759+0000] {logging_mixin.py:188} INFO - [2025-09-08T23:39:38.745+0000] {dagbag.py:538} INFO - Filling up the DagBag from /opt/airflow/dags/pipeline.py
[2025-09-08T23:39:39.312+0000] {logging_mixin.py:188} INFO - [2025-09-08T23:39:39.290+0000] {dagbag.py:348} ERROR - Failed to import: /opt/airflow/dags/pipeline.py
Traceback (most recent call last):
  File "/home/airflow/.local/lib/python3.8/site-packages/airflow/models/dagbag.py", line 344, in parse
    loader.exec_module(new_module)
  File "<frozen importlib._bootstrap_external>", line 843, in exec_module
  File "<frozen importlib._bootstrap>", line 219, in _call_with_frames_removed
  File "/opt/airflow/dags/pipeline.py", line 10, in <module>
    from pipeline.bronze_orders import bronze_ingestion
  File "/opt/airflow/dags/pipeline.py", line 10, in <module>
    from pipeline.bronze_orders import bronze_ingestion
ModuleNotFoundError: No module named 'pipeline.bronze_orders'; 'pipeline' is not a package
[2025-09-08T23:39:39.318+0000] {processor.py:842} WARNING - No viable dags retrieved from /opt/airflow/dags/pipeline.py
[2025-09-08T23:39:39.769+0000] {processor.py:183} INFO - Processing /opt/airflow/dags/pipeline.py took 1.510 seconds
[2025-09-08T23:40:10.481+0000] {processor.py:161} INFO - Started process (PID=32) to work on /opt/airflow/dags/pipeline.py
[2025-09-08T23:40:10.489+0000] {processor.py:830} INFO - Processing file /opt/airflow/dags/pipeline.py for tasks to queue
[2025-09-08T23:40:10.501+0000] {logging_mixin.py:188} INFO - [2025-09-08T23:40:10.500+0000] {dagbag.py:538} INFO - Filling up the DagBag from /opt/airflow/dags/pipeline.py
[2025-09-08T23:40:10.538+0000] {logging_mixin.py:188} INFO - [2025-09-08T23:40:10.533+0000] {dagbag.py:348} ERROR - Failed to import: /opt/airflow/dags/pipeline.py
Traceback (most recent call last):
  File "/home/airflow/.local/lib/python3.8/site-packages/airflow/models/dagbag.py", line 344, in parse
    loader.exec_module(new_module)
  File "<frozen importlib._bootstrap_external>", line 843, in exec_module
  File "<frozen importlib._bootstrap>", line 219, in _call_with_frames_removed
  File "/opt/airflow/dags/pipeline.py", line 10, in <module>
    from pipeline.bronze_orders import bronze_ingestion
  File "/opt/airflow/dags/pipeline.py", line 10, in <module>
    from pipeline.bronze_orders import bronze_ingestion
ModuleNotFoundError: No module named 'pipeline.bronze_orders'; 'pipeline' is not a package
[2025-09-08T23:40:10.540+0000] {processor.py:842} WARNING - No viable dags retrieved from /opt/airflow/dags/pipeline.py
[2025-09-08T23:40:10.703+0000] {processor.py:183} INFO - Processing /opt/airflow/dags/pipeline.py took 0.239 seconds
[2025-09-08T23:40:41.829+0000] {processor.py:161} INFO - Started process (PID=33) to work on /opt/airflow/dags/pipeline.py
[2025-09-08T23:40:41.848+0000] {processor.py:830} INFO - Processing file /opt/airflow/dags/pipeline.py for tasks to queue
[2025-09-08T23:40:41.870+0000] {logging_mixin.py:188} INFO - [2025-09-08T23:40:41.869+0000] {dagbag.py:538} INFO - Filling up the DagBag from /opt/airflow/dags/pipeline.py
[2025-09-08T23:40:42.767+0000] {logging_mixin.py:188} INFO - [2025-09-08T23:40:42.675+0000] {dagbag.py:348} ERROR - Failed to import: /opt/airflow/dags/pipeline.py
Traceback (most recent call last):
  File "/home/airflow/.local/lib/python3.8/site-packages/airflow/models/dagbag.py", line 344, in parse
    loader.exec_module(new_module)
  File "<frozen importlib._bootstrap_external>", line 843, in exec_module
  File "<frozen importlib._bootstrap>", line 219, in _call_with_frames_removed
  File "/opt/airflow/dags/pipeline.py", line 10, in <module>
    from pipeline.bronze_orders import bronze_ingestion
  File "/opt/airflow/pipeline/bronze_orders.py", line 3, in <module>
    import pyspark
ModuleNotFoundError: No module named 'pyspark'
[2025-09-08T23:40:42.776+0000] {processor.py:842} WARNING - No viable dags retrieved from /opt/airflow/dags/pipeline.py
[2025-09-08T23:40:43.245+0000] {processor.py:183} INFO - Processing /opt/airflow/dags/pipeline.py took 1.543 seconds
[2025-09-08T23:41:15.158+0000] {processor.py:161} INFO - Started process (PID=34) to work on /opt/airflow/dags/pipeline.py
[2025-09-08T23:41:15.175+0000] {processor.py:830} INFO - Processing file /opt/airflow/dags/pipeline.py for tasks to queue
[2025-09-08T23:41:15.201+0000] {logging_mixin.py:188} INFO - [2025-09-08T23:41:15.197+0000] {dagbag.py:538} INFO - Filling up the DagBag from /opt/airflow/dags/pipeline.py
[2025-09-08T23:41:15.381+0000] {logging_mixin.py:188} INFO - [2025-09-08T23:41:15.367+0000] {dagbag.py:348} ERROR - Failed to import: /opt/airflow/dags/pipeline.py
Traceback (most recent call last):
  File "/home/airflow/.local/lib/python3.8/site-packages/airflow/models/dagbag.py", line 344, in parse
    loader.exec_module(new_module)
  File "<frozen importlib._bootstrap_external>", line 843, in exec_module
  File "<frozen importlib._bootstrap>", line 219, in _call_with_frames_removed
  File "/opt/airflow/dags/pipeline.py", line 10, in <module>
    from pipeline.bronze_orders import bronze_ingestion
  File "/opt/airflow/pipeline/bronze_orders.py", line 3, in <module>
    import pyspark
ModuleNotFoundError: No module named 'pyspark'
[2025-09-08T23:41:15.385+0000] {processor.py:842} WARNING - No viable dags retrieved from /opt/airflow/dags/pipeline.py
[2025-09-08T23:41:15.663+0000] {processor.py:183} INFO - Processing /opt/airflow/dags/pipeline.py took 0.565 seconds
[2025-09-08T23:41:45.902+0000] {processor.py:161} INFO - Started process (PID=35) to work on /opt/airflow/dags/pipeline.py
[2025-09-08T23:41:45.910+0000] {processor.py:830} INFO - Processing file /opt/airflow/dags/pipeline.py for tasks to queue
[2025-09-08T23:41:45.924+0000] {logging_mixin.py:188} INFO - [2025-09-08T23:41:45.923+0000] {dagbag.py:538} INFO - Filling up the DagBag from /opt/airflow/dags/pipeline.py
[2025-09-08T23:41:45.989+0000] {logging_mixin.py:188} INFO - [2025-09-08T23:41:45.979+0000] {dagbag.py:348} ERROR - Failed to import: /opt/airflow/dags/pipeline.py
Traceback (most recent call last):
  File "/home/airflow/.local/lib/python3.8/site-packages/airflow/models/dagbag.py", line 344, in parse
    loader.exec_module(new_module)
  File "<frozen importlib._bootstrap_external>", line 843, in exec_module
  File "<frozen importlib._bootstrap>", line 219, in _call_with_frames_removed
  File "/opt/airflow/dags/pipeline.py", line 10, in <module>
    from pipeline.bronze_orders import bronze_ingestion
  File "/opt/airflow/pipeline/bronze_orders.py", line 3, in <module>
    import pyspark
ModuleNotFoundError: No module named 'pyspark'
[2025-09-08T23:41:45.991+0000] {processor.py:842} WARNING - No viable dags retrieved from /opt/airflow/dags/pipeline.py
[2025-09-08T23:41:46.171+0000] {processor.py:183} INFO - Processing /opt/airflow/dags/pipeline.py took 0.297 seconds
